../Core/Src/ltdc.c:16:6:LCD_PowerOn	8	static
../Core/Src/ltdc.c:136:6:LCD_WriteCommand	24	static
../Core/Src/ltdc.c:145:6:LCD_WriteData	24	static
../Core/Src/ltdc.c:154:6:LCD_FillScreen	24	static
../Core/Src/ltdc.c:173:6:LCD_Test	24	static
../Core/Src/ltdc.c:188:6:LCD_FillRectangle	40	static
../Core/Src/ltdc.c:219:6:LCD_DrawCircle	40	static
../Core/Src/ltdc.c:270:6:LCD_DrawPixel	32	static
../Core/Src/ltdc.c:285:6:LCD_DrawCross	32	static
../Core/Src/ltdc.c:298:6:LCD_DrawLine	56	static
../Core/Src/ltdc.c:331:6:LCD_FontsInit	4	static
../Core/Src/ltdc.c:338:6:LCD_SetFont	16	static
../Core/Src/ltdc.c:343:6:LCD_SetTextColor	16	static
../Core/Src/ltdc.c:348:6:LCD_SetBackColor	16	static
../Core/Src/ltdc.c:353:6:LCD_DrawChar	40	static
../Core/Src/ltdc.c:397:6:LCD_DrawString	40	static
../Core/Src/ltdc.c:433:6:LCD_DrawImage	32	static
