../Core/Src/stm32f4xx_hal_msp.c:64:6:HAL_MspInit	16	static
../Core/Src/stm32f4xx_hal_msp.c:86:6:HAL_DMA2D_MspInit	24	static
../Core/Src/stm32f4xx_hal_msp.c:111:6:HAL_DMA2D_MspDeInit	16	static
../Core/Src/stm32f4xx_hal_msp.c:136:6:HAL_I2C_MspInit	48	static
../Core/Src/stm32f4xx_hal_msp.c:180:6:HAL_I2C_MspDeInit	16	static
../Core/Src/stm32f4xx_hal_msp.c:211:6:HAL_LTDC_MspInit	120	static
../Core/Src/stm32f4xx_hal_msp.c:350:6:HAL_LTDC_MspDeInit	16	static
../Core/Src/stm32f4xx_hal_msp.c:414:6:HAL_SPI_MspInit	48	static
../Core/Src/stm32f4xx_hal_msp.c:451:6:HAL_SPI_MspDeInit	16	static
../Core/Src/stm32f4xx_hal_msp.c:477:13:HAL_FMC_MspInit	32	static
../Core/Src/stm32f4xx_hal_msp.c:583:6:HAL_SDRAM_MspInit	16	static
../Core/Src/stm32f4xx_hal_msp.c:595:13:HAL_FMC_MspDeInit	8	static
../Core/Src/stm32f4xx_hal_msp.c:669:6:HAL_SDRAM_MspDeInit	16	static
