Archive member included to satisfy reference by file (symbol)

C:/ST/STM32CubeIDE_1.14.1/STM32CubeIDE/plugins/com.st.stm32cube.ide.mcu.externaltools.gnu-tools-for-stm32.11.3.rel1.win32_1.1.100.202309141235/tools/bin/../lib/gcc/arm-none-eabi/11.3.1/../../../../arm-none-eabi/lib/thumb/v7e-m+fp/hard\libc_nano.a(libc_a-exit.o)
                              C:/ST/STM32CubeIDE_1.14.1/STM32CubeIDE/plugins/com.st.stm32cube.ide.mcu.externaltools.gnu-tools-for-stm32.11.3.rel1.win32_1.1.100.202309141235/tools/bin/../lib/gcc/arm-none-eabi/11.3.1/../../../../arm-none-eabi/lib/thumb/v7e-m+fp/hard/crt0.o (exit)
C:/ST/STM32CubeIDE_1.14.1/STM32CubeIDE/plugins/com.st.stm32cube.ide.mcu.externaltools.gnu-tools-for-stm32.11.3.rel1.win32_1.1.100.202309141235/tools/bin/../lib/gcc/arm-none-eabi/11.3.1/../../../../arm-none-eabi/lib/thumb/v7e-m+fp/hard\libc_nano.a(libc_a-findfp.o)
                              C:/ST/STM32CubeIDE_1.14.1/STM32CubeIDE/plugins/com.st.stm32cube.ide.mcu.externaltools.gnu-tools-for-stm32.11.3.rel1.win32_1.1.100.202309141235/tools/bin/../lib/gcc/arm-none-eabi/11.3.1/../../../../arm-none-eabi/lib/thumb/v7e-m+fp/hard\libc_nano.a(libc_a-exit.o) (__stdio_exit_handler)
C:/ST/STM32CubeIDE_1.14.1/STM32CubeIDE/plugins/com.st.stm32cube.ide.mcu.externaltools.gnu-tools-for-stm32.11.3.rel1.win32_1.1.100.202309141235/tools/bin/../lib/gcc/arm-none-eabi/11.3.1/../../../../arm-none-eabi/lib/thumb/v7e-m+fp/hard\libc_nano.a(libc_a-fwalk.o)
                              C:/ST/STM32CubeIDE_1.14.1/STM32CubeIDE/plugins/com.st.stm32cube.ide.mcu.externaltools.gnu-tools-for-stm32.11.3.rel1.win32_1.1.100.202309141235/tools/bin/../lib/gcc/arm-none-eabi/11.3.1/../../../../arm-none-eabi/lib/thumb/v7e-m+fp/hard\libc_nano.a(libc_a-findfp.o) (_fwalk_sglue)
C:/ST/STM32CubeIDE_1.14.1/STM32CubeIDE/plugins/com.st.stm32cube.ide.mcu.externaltools.gnu-tools-for-stm32.11.3.rel1.win32_1.1.100.202309141235/tools/bin/../lib/gcc/arm-none-eabi/11.3.1/../../../../arm-none-eabi/lib/thumb/v7e-m+fp/hard\libc_nano.a(libc_a-sprintf.o)
                              ./Core/Src/main.o (sprintf)
C:/ST/STM32CubeIDE_1.14.1/STM32CubeIDE/plugins/com.st.stm32cube.ide.mcu.externaltools.gnu-tools-for-stm32.11.3.rel1.win32_1.1.100.202309141235/tools/bin/../lib/gcc/arm-none-eabi/11.3.1/../../../../arm-none-eabi/lib/thumb/v7e-m+fp/hard\libc_nano.a(libc_a-stdio.o)
                              C:/ST/STM32CubeIDE_1.14.1/STM32CubeIDE/plugins/com.st.stm32cube.ide.mcu.externaltools.gnu-tools-for-stm32.11.3.rel1.win32_1.1.100.202309141235/tools/bin/../lib/gcc/arm-none-eabi/11.3.1/../../../../arm-none-eabi/lib/thumb/v7e-m+fp/hard\libc_nano.a(libc_a-findfp.o) (__sread)
C:/ST/STM32CubeIDE_1.14.1/STM32CubeIDE/plugins/com.st.stm32cube.ide.mcu.externaltools.gnu-tools-for-stm32.11.3.rel1.win32_1.1.100.202309141235/tools/bin/../lib/gcc/arm-none-eabi/11.3.1/../../../../arm-none-eabi/lib/thumb/v7e-m+fp/hard\libc_nano.a(libc_a-memset.o)
                              C:/ST/STM32CubeIDE_1.14.1/STM32CubeIDE/plugins/com.st.stm32cube.ide.mcu.externaltools.gnu-tools-for-stm32.11.3.rel1.win32_1.1.100.202309141235/tools/bin/../lib/gcc/arm-none-eabi/11.3.1/../../../../arm-none-eabi/lib/thumb/v7e-m+fp/hard/crt0.o (memset)
C:/ST/STM32CubeIDE_1.14.1/STM32CubeIDE/plugins/com.st.stm32cube.ide.mcu.externaltools.gnu-tools-for-stm32.11.3.rel1.win32_1.1.100.202309141235/tools/bin/../lib/gcc/arm-none-eabi/11.3.1/../../../../arm-none-eabi/lib/thumb/v7e-m+fp/hard\libc_nano.a(libc_a-closer.o)
                              C:/ST/STM32CubeIDE_1.14.1/STM32CubeIDE/plugins/com.st.stm32cube.ide.mcu.externaltools.gnu-tools-for-stm32.11.3.rel1.win32_1.1.100.202309141235/tools/bin/../lib/gcc/arm-none-eabi/11.3.1/../../../../arm-none-eabi/lib/thumb/v7e-m+fp/hard\libc_nano.a(libc_a-stdio.o) (_close_r)
C:/ST/STM32CubeIDE_1.14.1/STM32CubeIDE/plugins/com.st.stm32cube.ide.mcu.externaltools.gnu-tools-for-stm32.11.3.rel1.win32_1.1.100.202309141235/tools/bin/../lib/gcc/arm-none-eabi/11.3.1/../../../../arm-none-eabi/lib/thumb/v7e-m+fp/hard\libc_nano.a(libc_a-reent.o)
                              C:/ST/STM32CubeIDE_1.14.1/STM32CubeIDE/plugins/com.st.stm32cube.ide.mcu.externaltools.gnu-tools-for-stm32.11.3.rel1.win32_1.1.100.202309141235/tools/bin/../lib/gcc/arm-none-eabi/11.3.1/../../../../arm-none-eabi/lib/thumb/v7e-m+fp/hard\libc_nano.a(libc_a-closer.o) (errno)
C:/ST/STM32CubeIDE_1.14.1/STM32CubeIDE/plugins/com.st.stm32cube.ide.mcu.externaltools.gnu-tools-for-stm32.11.3.rel1.win32_1.1.100.202309141235/tools/bin/../lib/gcc/arm-none-eabi/11.3.1/../../../../arm-none-eabi/lib/thumb/v7e-m+fp/hard\libc_nano.a(libc_a-impure.o)
                              C:/ST/STM32CubeIDE_1.14.1/STM32CubeIDE/plugins/com.st.stm32cube.ide.mcu.externaltools.gnu-tools-for-stm32.11.3.rel1.win32_1.1.100.202309141235/tools/bin/../lib/gcc/arm-none-eabi/11.3.1/../../../../arm-none-eabi/lib/thumb/v7e-m+fp/hard\libc_nano.a(libc_a-sprintf.o) (_impure_ptr)
[...]
Memory Configuration

Name             Origin             Length             Attributes
CCMRAM           0x0000000010000000 0x0000000000010000 xrw
RAM              0x0000000020000000 0x0000000000030000 xrw
FLASH            0x0000000008000000 0x0000000000100000 xr
*default*        0x0000000000000000 0xffffffffffffffff

Linker script and memory map

LOAD C:/ST/STM32CubeIDE_1.14.1/STM32CubeIDE/plugins/com.st.stm32cube.ide.mcu.externaltools.gnu-tools-for-stm32.11.3.rel1.win32_1.1.100.202309141235/tools/bin/../lib/gcc/arm-none-eabi/11.3.1/thumb/v7e-m+fp/hard/crti.o
LOAD C:/ST/STM32CubeIDE_1.14.1/STM32CubeIDE/plugins/com.st.stm32cube.ide.mcu.externaltools.gnu-tools-for-stm32.11.3.rel1.win32_1.1.100.202309141235/tools/bin/../lib/gcc/arm-none-eabi/11.3.1/thumb/v7e-m+fp/hard/crtbegin.o
LOAD C:/ST/STM32CubeIDE_1.14.1/STM32CubeIDE/plugins/com.st.stm32cube.ide.mcu.externaltools.gnu-tools-for-stm32.11.3.rel1.win32_1.1.100.202309141235/tools/bin/../lib/gcc/arm-none-eabi/11.3.1/../../../../arm-none-eabi/lib/thumb/v7e-m+fp/hard/crt0.o
LOAD ./Core/Src/font12.o
LOAD ./Core/Src/font16.o
LOAD ./Core/Src/font20.o
LOAD ./Core/Src/font24.o
LOAD ./Core/Src/font8.o
LOAD ./Core/Src/ltdc.o
LOAD ./Core/Src/main.o
LOAD ./Core/Src/sdram.o
LOAD ./Core/Src/stm32f4xx_hal_msp.o
LOAD ./Core/Src/stm32f4xx_it.o
LOAD ./Core/Src/syscalls.o
LOAD ./Core/Src/sysmem.o
LOAD ./Core/Src/system_stm32f4xx.o
LOAD ./Core/Src/touch.o
LOAD ./Core/Startup/startup_stm32f429igtx.o
LOAD ./Drivers/STM32F4xx_HAL_Driver/Src/stm32f4xx_hal.o
LOAD ./Drivers/STM32F4xx_HAL_Driver/Src/stm32f4xx_hal_cortex.o
LOAD ./Drivers/STM32F4xx_HAL_Driver/Src/stm32f4xx_hal_dma.o
LOAD ./Drivers/STM32F4xx_HAL_Driver/Src/stm32f4xx_hal_dma2d.o
LOAD ./Drivers/STM32F4xx_HAL_Driver/Src/stm32f4xx_hal_dma_ex.o
LOAD ./Drivers/STM32F4xx_HAL_Driver/Src/stm32f4xx_hal_dsi.o
LOAD ./Drivers/STM32F4xx_HAL_Driver/Src/stm32f4xx_hal_exti.o
LOAD ./Drivers/STM32F4xx_HAL_Driver/Src/stm32f4xx_hal_flash.o
LOAD ./Drivers/STM32F4xx_HAL_Driver/Src/stm32f4xx_hal_flash_ex.o
LOAD ./Drivers/STM32F4xx_HAL_Driver/Src/stm32f4xx_hal_flash_ramfunc.o
LOAD ./Drivers/STM32F4xx_HAL_Driver/Src/stm32f4xx_hal_gpio.o
LOAD ./Drivers/STM32F4xx_HAL_Driver/Src/stm32f4xx_hal_i2c.o
LOAD ./Drivers/STM32F4xx_HAL_Driver/Src/stm32f4xx_hal_i2c_ex.o
LOAD ./Drivers/STM32F4xx_HAL_Driver/Src/stm32f4xx_hal_ltdc.o
LOAD ./Drivers/STM32F4xx_HAL_Driver/Src/stm32f4xx_hal_ltdc_ex.o
LOAD ./Drivers/STM32F4xx_HAL_Driver/Src/stm32f4xx_hal_pwr.o
LOAD ./Drivers/STM32F4xx_HAL_Driver/Src/stm32f4xx_hal_pwr_ex.o
LOAD ./Drivers/STM32F4xx_HAL_Driver/Src/stm32f4xx_hal_rcc.o
LOAD ./Drivers/STM32F4xx_HAL_Driver/Src/stm32f4xx_hal_rcc_ex.o
LOAD ./Drivers/STM32F4xx_HAL_Driver/Src/stm32f4xx_hal_sdram.o
LOAD ./Drivers/STM32F4xx_HAL_Driver/Src/stm32f4xx_hal_spi.o
LOAD ./Drivers/STM32F4xx_HAL_Driver/Src/stm32f4xx_hal_tim.o
LOAD ./Drivers/STM32F4xx_HAL_Driver/Src/stm32f4xx_hal_tim_ex.o
LOAD ./Drivers/STM32F4xx_HAL_Driver/Src/stm32f4xx_ll_fmc.o
START GROUP
LOAD C:/ST/STM32CubeIDE_1.14.1/STM32CubeIDE/plugins/com.st.stm32cube.ide.mcu.externaltools.gnu-tools-for-stm32.11.3.rel1.win32_1.1.100.202309141235/tools/bin/../lib/gcc/arm-none-eabi/11.3.1/../../../../arm-none-eabi/lib/thumb/v7e-m+fp/hard\libc_nano.a
LOAD C:/ST/STM32CubeIDE_1.14.1/STM32CubeIDE/plugins/com.st.stm32cube.ide.mcu.externaltools.gnu-tools-for-stm32.11.3.rel1.win32_1.1.100.202309141235/tools/bin/../lib/gcc/arm-none-eabi/11.3.1/../../../../arm-none-eabi/lib/thumb/v7e-m+fp/hard\libm.a
END GROUP
START GROUP
LOAD C:/ST/STM32CubeIDE_1.14.1/STM32CubeIDE/plugins/com.st.stm32cube.ide.mcu.externaltools.gnu-tools-for-stm32.11.3.rel1.win32_1.1.100.202309141235/tools/bin/../lib/gcc/arm-none-eabi/11.3.1/thumb/v7e-m+fp/hard\libgcc.a
LOAD C:/ST/STM32CubeIDE_1.14.1/STM32CubeIDE/plugins/com.st.stm32cube.ide.mcu.externaltools.gnu-tools-for-stm32.11.3.rel1.win32_1.1.100.202309141235/tools/bin/../lib/gcc/arm-none-eabi/11.3.1/../../../../arm-none-eabi/lib/thumb/v7e-m+fp/hard\libc_nano.a
END GROUP
START GROUP
LOAD C:/ST/STM32CubeIDE_1.14.1/STM32CubeIDE/plugins/com.st.stm32cube.ide.mcu.externaltools.gnu-tools-for-stm32.11.3.rel1.win32_1.1.100.202309141235/tools/bin/../lib/gcc/arm-none-eabi/11.3.1/thumb/v7e-m+fp/hard\libgcc.a
LOAD C:/ST/STM32CubeIDE_1.14.1/STM32CubeIDE/plugins/com.st.stm32cube.ide.mcu.externaltools.gnu-tools-for-stm32.11.3.rel1.win32_1.1.100.202309141235/tools/bin/../lib/gcc/arm-none-eabi/11.3.1/../../../../arm-none-eabi/lib/thumb/v7e-m+fp/hard\libc_nano.a
LOAD C:/ST/STM32CubeIDE_1.14.1/STM32CubeIDE/plugins/com.st.stm32cube.ide.mcu.externaltools.gnu-tools-for-stm32.11.3.rel1.win32_1.1.100.202309141235/tools/bin/../lib/gcc/arm-none-eabi/11.3.1/../../../../arm-none-eabi/lib/thumb/v7e-m+fp/hard\libnosys.a
END GROUP
START GROUP
LOAD C:/ST/STM32CubeIDE_1.14.1/STM32CubeIDE/plugins/com.st.stm32cube.ide.mcu.externaltools.gnu-tools-for-stm32.11.3.rel1.win32_1.1.100.202309141235/tools/bin/../lib/gcc/arm-none-eabi/11.3.1/thumb/v7e-m+fp/hard\libgcc.a
LOAD C:/ST/STM32CubeIDE_1.14.1/STM32CubeIDE/plugins/com.st.stm32cube.ide.mcu.externaltools.gnu-tools-for-stm32.11.3.rel1.win32_1.1.100.202309141235/tools/bin/../lib/gcc/arm-none-eabi/11.3.1/../../../../arm-none-eabi/lib/thumb/v7e-m+fp/hard\libc_nano.a
LOAD C:/ST/STM32CubeIDE_1.14.1/STM32CubeIDE/plugins/com.st.stm32cube.ide.mcu.externaltools.gnu-tools-for-stm32.11.3.rel1.win32_1.1.100.202309141235/tools/bin/../lib/gcc/arm-none-eabi/11.3.1/../../../../arm-none-eabi/lib/thumb/v7e-m+fp/hard\libnosys.a
END GROUP
LOAD C:/ST/STM32CubeIDE_1.14.1/STM32CubeIDE/plugins/com.st.stm32cube.ide.mcu.externaltools.gnu-tools-for-stm32.11.3.rel1.win32_1.1.100.202309141235/tools/bin/../lib/gcc/arm-none-eabi/11.3.1/thumb/v7e-m+fp/hard/crtend.o
LOAD C:/ST/STM32CubeIDE_1.14.1/STM32CubeIDE/plugins/com.st.stm32cube.ide.mcu.externaltools.gnu-tools-for-stm32.11.3.rel1.win32_1.1.100.202309141235/tools/bin/../lib/gcc/arm-none-eabi/11.3.1/thumb/v7e-m+fp/hard/crtn.o
                0x0000000020030000                _estack = (ORIGIN (RAM) + LENGTH (RAM))
                0x0000000000000200                _Min_Heap_Size = 0x200
                0x0000000000000400                _Min_Stack_Size = 0x400

.isr_vector     0x0000000008000000      0x1ac
                0x0000000008000000                . = ALIGN (0x4)
 *(.isr_vector)
 .isr_vector    0x0000000008000000      0x1ac ./Core/Startup/startup_stm32f429igtx.o
                0x0000000008000000                g_pfnVectors
                0x00000000080001ac                . = ALIGN (0x4)

.text           0x00000000080001b0     0x6498
                0x00000000080001b0                . = ALIGN (0x4)
 *(.text)
 .text          0x00000000080001b0       0x40 C:/ST/STM32CubeIDE_1.14.1/STM32CubeIDE/plugins/com.st.stm32cube.ide.mcu.externaltools.gnu-tools-for-stm32.11.3.rel1.win32_1.1.100.202309141235/tools/bin/../lib/gcc/arm-none-eabi/11.3.1/thumb/v7e-m+fp/hard/crtbegin.o
 .text          0x00000000080001f0       0xa0 C:/ST/STM32CubeIDE_1.14.1/STM32CubeIDE/plugins/com.st.stm32cube.ide.mcu.externaltools.gnu-tools-for-stm32.11.3.rel1.win32_1.1.100.202309141235/tools/bin/../lib/gcc/arm-none-eabi/11.3.1/../../../../arm-none-eabi/lib/thumb/v7e-m+fp/hard\libc_nano.a(libc_a-memchr.o)
                0x00000000080001f0                memchr
 .text          0x0000000008000290       0x30 C:/ST/STM32CubeIDE_1.14.1/STM32CubeIDE/plugins/com.st.stm32cube.ide.mcu.externaltools.gnu-tools-for-stm32.11.3.rel1.win32_1.1.100.202309141235/tools/bin/../lib/gcc/arm-none-eabi/11.3.1/thumb/v7e-m+fp/hard\libgcc.a(_aeabi_uldivmod.o)
                0x0000000008000290                __aeabi_uldivmod
 .text          0x00000000080002c0      0x2c8 C:/ST/STM32CubeIDE_1.14.1/STM32CubeIDE/plugins/com.st.stm32cube.ide.mcu.externaltools.gnu-tools-for-stm32.11.3.rel1.win32_1.1.100.202309141235/tools/bin/../lib/gcc/arm-none-eabi/11.3.1/thumb/v7e-m+fp/hard\libgcc.a(_udivmoddi4.o)
                0x00000000080002c0                __udivmoddi4
 .text          0x0000000008000588        0x4 C:/ST/STM32CubeIDE_1.14.1/STM32CubeIDE/plugins/com.st.stm32cube.ide.mcu.externaltools.gnu-tools-for-stm32.11.3.rel1.win32_1.1.100.202309141235/tools/bin/../lib/gcc/arm-none-eabi/11.3.1/thumb/v7e-m+fp/hard\libgcc.a(_dvmd_tls.o)
                0x0000000008000588                __aeabi_idiv0
                0x0000000008000588                __aeabi_ldiv0
 *(.text*)
 .text.LCD_PowerOn
                0x000000000800058c      0x290 ./Core/Src/ltdc.o
                0x000000000800058c                LCD_PowerOn
 .text.LCD_WriteCommand
                0x000000000800081c       0x54 ./Core/Src/ltdc.o
                0x000000000800081c                LCD_WriteCommand
 .text.LCD_WriteData
                0x0000000008000870       0x54 ./Core/Src/ltdc.o
                0x0000000008000870                LCD_WriteData
 .text.LCD_FillScreen
                0x00000000080008c4       0x58 ./Core/Src/ltdc.o
                0x00000000080008c4                LCD_FillScreen
 .text.LCD_Test
                0x000000000800091c       0x68 ./Core/Src/ltdc.o
                0x000000000800091c                LCD_Test
 .text.LCD_DrawPixel
                0x0000000008000984       0x6c ./Core/Src/ltdc.o
                0x0000000008000984                LCD_DrawPixel
 .text.LCD_FontsInit
                0x00000000080009f0       0x2c ./Core/Src/ltdc.o
                0x00000000080009f0                LCD_FontsInit
 .text.LCD_SetFont
                0x0000000008000a1c       0x20 ./Core/Src/ltdc.o
                0x0000000008000a1c                LCD_SetFont
 .text.LCD_SetTextColor
                0x0000000008000a3c       0x20 ./Core/Src/ltdc.o
                0x0000000008000a3c                LCD_SetTextColor
 .text.LCD_SetBackColor
                0x0000000008000a5c       0x20 ./Core/Src/ltdc.o
                0x0000000008000a5c                LCD_SetBackColor
 .text.LCD_DrawChar
                0x0000000008000a7c      0x154 ./Core/Src/ltdc.o
                0x0000000008000a7c                LCD_DrawChar
 .text.LCD_DrawString
                0x0000000008000bd0      0x124 ./Core/Src/ltdc.o
                0x0000000008000bd0                LCD_DrawString
 .text.LCD_DrawImage
                0x0000000008000cf4       0x74 ./Core/Src/ltdc.o
                0x0000000008000cf4                LCD_DrawImage
 .text.main     0x0000000008000d68      0x290 ./Core/Src/main.o
                0x0000000008000d68                main
 .text.SystemClock_Config
                0x0000000008000ff8       0xe0 ./Core/Src/main.o
                0x0000000008000ff8                SystemClock_Config
 .text.MX_DMA2D_Init
                0x00000000080010d8       0x90 ./Core/Src/main.o
 .text.MX_I2C3_Init
                0x0000000008001168       0x80 ./Core/Src/main.o
 .text.MX_LTDC_Init
                0x00000000080011e8      0x100 ./Core/Src/main.o
 .text.MX_SPI5_Init
                0x00000000080012e8       0x6c ./Core/Src/main.o
 .text.MX_FMC_Init
                0x0000000008001354       0xa0 ./Core/Src/main.o
 .text.MX_GPIO_Init
                0x00000000080013f4      0x18c ./Core/Src/main.o
 .text.Error_Handler
                0x0000000008001580        0xa ./Core/Src/main.o
                0x0000000008001580                Error_Handler
 *fill*         0x000000000800158a        0x2 
 .text.SDRAM_init
                0x000000000800158c       0xd0 ./Core/Src/sdram.o
                0x000000000800158c                SDRAM_init
 .text.HAL_MspInit
                0x000000000800165c       0x50 ./Core/Src/stm32f4xx_hal_msp.o
                0x000000000800165c                HAL_MspInit
 .text.HAL_DMA2D_MspInit
                0x00000000080016ac       0x50 ./Core/Src/stm32f4xx_hal_msp.o
                0x00000000080016ac                HAL_DMA2D_MspInit
 .text.HAL_I2C_MspInit
                0x00000000080016fc       0xd4 ./Core/Src/stm32f4xx_hal_msp.o
                0x00000000080016fc                HAL_I2C_MspInit
 .text.HAL_LTDC_MspInit
                0x00000000080017d0      0x2d4 ./Core/Src/stm32f4xx_hal_msp.o
                0x00000000080017d0                HAL_LTDC_MspInit
 .text.HAL_SPI_MspInit
                0x0000000008001aa4       0x90 ./Core/Src/stm32f4xx_hal_msp.o
                0x0000000008001aa4                HAL_SPI_MspInit
 .text.HAL_FMC_MspInit
                0x0000000008001b34      0x124 ./Core/Src/stm32f4xx_hal_msp.o
 .text.HAL_SDRAM_MspInit
                0x0000000008001c58       0x14 ./Core/Src/stm32f4xx_hal_msp.o
                0x0000000008001c58                HAL_SDRAM_MspInit
 .text.NMI_Handler
                0x0000000008001c6c        0x6 ./Core/Src/stm32f4xx_it.o
                0x0000000008001c6c                NMI_Handler
 .text.HardFault_Handler
                0x0000000008001c72        0x6 ./Core/Src/stm32f4xx_it.o
                0x0000000008001c72                HardFault_Handler
 .text.MemManage_Handler
                0x0000000008001c78        0x6 ./Core/Src/stm32f4xx_it.o
                0x0000000008001c78                MemManage_Handler
 .text.BusFault_Handler
                0x0000000008001c7e        0x6 ./Core/Src/stm32f4xx_it.o
                0x0000000008001c7e                BusFault_Handler
 .text.UsageFault_Handler
                0x0000000008001c84        0x6 ./Core/Src/stm32f4xx_it.o
                0x0000000008001c84                UsageFault_Handler
 .text.SVC_Handler
                0x0000000008001c8a        0xe ./Core/Src/stm32f4xx_it.o
                0x0000000008001c8a                SVC_Handler
 .text.DebugMon_Handler
                0x0000000008001c98        0xe ./Core/Src/stm32f4xx_it.o
                0x0000000008001c98                DebugMon_Handler
 .text.PendSV_Handler
                0x0000000008001ca6        0xe ./Core/Src/stm32f4xx_it.o
                0x0000000008001ca6                PendSV_Handler
 .text.SysTick_Handler
                0x0000000008001cb4        0xc ./Core/Src/stm32f4xx_it.o
                0x0000000008001cb4                SysTick_Handler
 .text.DMA2D_IRQHandler
                0x0000000008001cc0       0x14 ./Core/Src/stm32f4xx_it.o
                0x0000000008001cc0                DMA2D_IRQHandler
 .text._sbrk    0x0000000008001cd4       0x6c ./Core/Src/sysmem.o
                0x0000000008001cd4                _sbrk
 .text.SystemInit
                0x0000000008001d40       0x24 ./Core/Src/system_stm32f4xx.o
                0x0000000008001d40                SystemInit
 .text.touchReset
                0x0000000008001d64       0x50 ./Core/Src/touch.o
 .text.fnctCmd  0x0000000008001db4       0x8c ./Core/Src/touch.o
 .text.ioAFConfig
                0x0000000008001e40       0x8c ./Core/Src/touch.o
 .text.readX    0x0000000008001ecc       0xa0 ./Core/Src/touch.o
 .text.readY    0x0000000008001f6c       0x88 ./Core/Src/touch.o
 .text.readZ    0x0000000008001ff4       0x60 ./Core/Src/touch.o
 .text.TP_Config
                0x0000000008002054      0x124 ./Core/Src/touch.o
                0x0000000008002054                TP_Config
 .text.TP_GetState
                0x0000000008002178      0x118 ./Core/Src/touch.o
                0x0000000008002178                TP_GetState
 .text.Reset_Handler
                0x0000000008002290       0x50 ./Core/Startup/startup_stm32f429igtx.o
                0x0000000008002290                Reset_Handler
 .text.Default_Handler
                0x00000000080022e0        0x2 ./Core/Startup/startup_stm32f429igtx.o
                0x00000000080022e0                RTC_Alarm_IRQHandler
                0x00000000080022e0                HASH_RNG_IRQHandler
                0x00000000080022e0                EXTI2_IRQHandler
                0x00000000080022e0                TIM8_CC_IRQHandler
                0x00000000080022e0                UART8_IRQHandler
                0x00000000080022e0                SPI4_IRQHandler
                0x00000000080022e0                TIM1_CC_IRQHandler
                0x00000000080022e0                DMA2_Stream5_IRQHandler
                0x00000000080022e0                DMA1_Stream5_IRQHandler
                0x00000000080022e0                PVD_IRQHandler
                0x00000000080022e0                SDIO_IRQHandler
                0x00000000080022e0                TAMP_STAMP_IRQHandler
                0x00000000080022e0                CAN2_RX1_IRQHandler
                0x00000000080022e0                EXTI3_IRQHandler
                0x00000000080022e0                TIM8_TRG_COM_TIM14_IRQHandler
                0x00000000080022e0                TIM1_UP_TIM10_IRQHandler
                0x00000000080022e0                TIM8_UP_TIM13_IRQHandler
                0x00000000080022e0                I2C3_ER_IRQHandler
                0x00000000080022e0                EXTI0_IRQHandler
                0x00000000080022e0                I2C2_EV_IRQHandler
                0x00000000080022e0                DMA1_Stream2_IRQHandler
                0x00000000080022e0                CAN1_RX0_IRQHandler
                0x00000000080022e0                FPU_IRQHandler
                0x00000000080022e0                OTG_HS_WKUP_IRQHandler
                0x00000000080022e0                LTDC_ER_IRQHandler
                0x00000000080022e0                CAN2_SCE_IRQHandler
                0x00000000080022e0                DMA2_Stream2_IRQHandler
                0x00000000080022e0                SPI1_IRQHandler
                0x00000000080022e0                TIM6_DAC_IRQHandler
                0x00000000080022e0                TIM1_BRK_TIM9_IRQHandler
                0x00000000080022e0                DCMI_IRQHandler
                0x00000000080022e0                CAN2_RX0_IRQHandler
                0x00000000080022e0                DMA2_Stream3_IRQHandler
                0x00000000080022e0                USART6_IRQHandler
                0x00000000080022e0                USART3_IRQHandler
                0x00000000080022e0                CAN1_RX1_IRQHandler
                0x00000000080022e0                UART5_IRQHandler
                0x00000000080022e0                DMA2_Stream0_IRQHandler
                0x00000000080022e0                TIM4_IRQHandler
                0x00000000080022e0                I2C1_EV_IRQHandler
                0x00000000080022e0                DMA1_Stream6_IRQHandler
                0x00000000080022e0                DMA1_Stream1_IRQHandler
                0x00000000080022e0                UART4_IRQHandler
                0x00000000080022e0                TIM3_IRQHandler
                0x00000000080022e0                RCC_IRQHandler
                0x00000000080022e0                TIM8_BRK_TIM12_IRQHandler
                0x00000000080022e0                Default_Handler
                0x00000000080022e0                EXTI15_10_IRQHandler
                0x00000000080022e0                ADC_IRQHandler
                0x00000000080022e0                DMA1_Stream7_IRQHandler
                0x00000000080022e0                SPI5_IRQHandler
                0x00000000080022e0                TIM7_IRQHandler
                0x00000000080022e0                CAN2_TX_IRQHandler
                0x00000000080022e0                TIM5_IRQHandler
                0x00000000080022e0                DMA2_Stream7_IRQHandler
                0x00000000080022e0                I2C3_EV_IRQHandler
                0x00000000080022e0                EXTI9_5_IRQHandler
                0x00000000080022e0                RTC_WKUP_IRQHandler
                0x00000000080022e0                LTDC_IRQHandler
                0x00000000080022e0                ETH_WKUP_IRQHandler
                0x00000000080022e0                SPI2_IRQHandler
                0x00000000080022e0                OTG_HS_EP1_IN_IRQHandler
                0x00000000080022e0                DMA1_Stream0_IRQHandler
                0x00000000080022e0                CAN1_TX_IRQHandler
                0x00000000080022e0                EXTI4_IRQHandler
                0x00000000080022e0                ETH_IRQHandler
                0x00000000080022e0                OTG_HS_EP1_OUT_IRQHandler
                0x00000000080022e0                WWDG_IRQHandler
                0x00000000080022e0                SPI6_IRQHandler
                0x00000000080022e0                TIM2_IRQHandler
                0x00000000080022e0                OTG_FS_WKUP_IRQHandler
                0x00000000080022e0                TIM1_TRG_COM_TIM11_IRQHandler
                0x00000000080022e0                OTG_HS_IRQHandler
                0x00000000080022e0                EXTI1_IRQHandler
                0x00000000080022e0                UART7_IRQHandler
                0x00000000080022e0                USART2_IRQHandler
                0x00000000080022e0                I2C2_ER_IRQHandler
                0x00000000080022e0                DMA2_Stream1_IRQHandler
                0x00000000080022e0                CAN1_SCE_IRQHandler
                0x00000000080022e0                FLASH_IRQHandler
                0x00000000080022e0                DMA2_Stream4_IRQHandler
                0x00000000080022e0                USART1_IRQHandler
                0x00000000080022e0                OTG_FS_IRQHandler
                0x00000000080022e0                SPI3_IRQHandler
                0x00000000080022e0                DMA1_Stream4_IRQHandler
                0x00000000080022e0                I2C1_ER_IRQHandler
                0x00000000080022e0                FMC_IRQHandler
                0x00000000080022e0                DMA2_Stream6_IRQHandler
                0x00000000080022e0                SAI1_IRQHandler
                0x00000000080022e0                DMA1_Stream3_IRQHandler
 *fill*         0x00000000080022e2        0x2 
 .text.HAL_Init
                0x00000000080022e4       0x44 ./Drivers/STM32F4xx_HAL_Driver/Src/stm32f4xx_hal.o
                0x00000000080022e4                HAL_Init
 .text.HAL_InitTick
                0x0000000008002328       0x60 ./Drivers/STM32F4xx_HAL_Driver/Src/stm32f4xx_hal.o
                0x0000000008002328                HAL_InitTick
 .text.HAL_IncTick
                0x0000000008002388       0x28 ./Drivers/STM32F4xx_HAL_Driver/Src/stm32f4xx_hal.o
                0x0000000008002388                HAL_IncTick
 .text.HAL_GetTick
                0x00000000080023b0       0x18 ./Drivers/STM32F4xx_HAL_Driver/Src/stm32f4xx_hal.o
                0x00000000080023b0                HAL_GetTick
 .text.HAL_Delay
                0x00000000080023c8       0x48 ./Drivers/STM32F4xx_HAL_Driver/Src/stm32f4xx_hal.o
                0x00000000080023c8                HAL_Delay
 .text.__NVIC_SetPriorityGrouping
                0x0000000008002410       0x48 ./Drivers/STM32F4xx_HAL_Driver/Src/stm32f4xx_hal_cortex.o
 .text.__NVIC_GetPriorityGrouping
                0x0000000008002458       0x1c ./Drivers/STM32F4xx_HAL_Driver/Src/stm32f4xx_hal_cortex.o
 .text.__NVIC_EnableIRQ
                0x0000000008002474       0x3c ./Drivers/STM32F4xx_HAL_Driver/Src/stm32f4xx_hal_cortex.o
 .text.__NVIC_SetPriority
                0x00000000080024b0       0x54 ./Drivers/STM32F4xx_HAL_Driver/Src/stm32f4xx_hal_cortex.o
 .text.NVIC_EncodePriority
                0x0000000008002504       0x66 ./Drivers/STM32F4xx_HAL_Driver/Src/stm32f4xx_hal_cortex.o
 *fill*         0x000000000800256a        0x2 
 .text.SysTick_Config
                0x000000000800256c       0x44 ./Drivers/STM32F4xx_HAL_Driver/Src/stm32f4xx_hal_cortex.o
 .text.HAL_NVIC_SetPriorityGrouping
                0x00000000080025b0       0x16 ./Drivers/STM32F4xx_HAL_Driver/Src/stm32f4xx_hal_cortex.o
                0x00000000080025b0                HAL_NVIC_SetPriorityGrouping
 .text.HAL_NVIC_SetPriority
                0x00000000080025c6       0x38 ./Drivers/STM32F4xx_HAL_Driver/Src/stm32f4xx_hal_cortex.o
                0x00000000080025c6                HAL_NVIC_SetPriority
 .text.HAL_NVIC_EnableIRQ
                0x00000000080025fe       0x1c ./Drivers/STM32F4xx_HAL_Driver/Src/stm32f4xx_hal_cortex.o
                0x00000000080025fe                HAL_NVIC_EnableIRQ
 .text.HAL_SYSTICK_Config
                0x000000000800261a       0x18 ./Drivers/STM32F4xx_HAL_Driver/Src/stm32f4xx_hal_cortex.o
                0x000000000800261a                HAL_SYSTICK_Config
 .text.HAL_DMA2D_Init
                0x0000000008002632       0x92 ./Drivers/STM32F4xx_HAL_Driver/Src/stm32f4xx_hal_dma2d.o
                0x0000000008002632                HAL_DMA2D_Init
 .text.HAL_DMA2D_Start
                0x00000000080026c4       0x56 ./Drivers/STM32F4xx_HAL_Driver/Src/stm32f4xx_hal_dma2d.o
                0x00000000080026c4                HAL_DMA2D_Start
 .text.HAL_DMA2D_PollForTransfer
                0x000000000800271a      0x1d2 ./Drivers/STM32F4xx_HAL_Driver/Src/stm32f4xx_hal_dma2d.o
                0x000000000800271a                HAL_DMA2D_PollForTransfer
 .text.HAL_DMA2D_IRQHandler
                0x00000000080028ec      0x1f8 ./Drivers/STM32F4xx_HAL_Driver/Src/stm32f4xx_hal_dma2d.o
                0x00000000080028ec                HAL_DMA2D_IRQHandler
 .text.HAL_DMA2D_LineEventCallback
                0x0000000008002ae4       0x14 ./Drivers/STM32F4xx_HAL_Driver/Src/stm32f4xx_hal_dma2d.o
                0x0000000008002ae4                HAL_DMA2D_LineEventCallback
 .text.HAL_DMA2D_CLUTLoadingCpltCallback
                0x0000000008002af8       0x14 ./Drivers/STM32F4xx_HAL_Driver/Src/stm32f4xx_hal_dma2d.o
                0x0000000008002af8                HAL_DMA2D_CLUTLoadingCpltCallback
 .text.HAL_DMA2D_ConfigLayer
                0x0000000008002b0c      0x124 ./Drivers/STM32F4xx_HAL_Driver/Src/stm32f4xx_hal_dma2d.o
                0x0000000008002b0c                HAL_DMA2D_ConfigLayer
 .text.DMA2D_SetConfig
                0x0000000008002c30      0x138 ./Drivers/STM32F4xx_HAL_Driver/Src/stm32f4xx_hal_dma2d.o
 .text.HAL_GPIO_Init
                0x0000000008002d68      0x358 ./Drivers/STM32F4xx_HAL_Driver/Src/stm32f4xx_hal_gpio.o
                0x0000000008002d68                HAL_GPIO_Init
 .text.HAL_GPIO_WritePin
                0x00000000080030c0       0x32 ./Drivers/STM32F4xx_HAL_Driver/Src/stm32f4xx_hal_gpio.o
                0x00000000080030c0                HAL_GPIO_WritePin
 *fill*         0x00000000080030f2        0x2 
 .text.HAL_I2C_Init
                0x00000000080030f4      0x288 ./Drivers/STM32F4xx_HAL_Driver/Src/stm32f4xx_hal_i2c.o
                0x00000000080030f4                HAL_I2C_Init
 .text.HAL_I2C_Master_Transmit
                0x000000000800337c      0x1fc ./Drivers/STM32F4xx_HAL_Driver/Src/stm32f4xx_hal_i2c.o
                0x000000000800337c                HAL_I2C_Master_Transmit
 .text.HAL_I2C_Master_Receive
                0x0000000008003578      0x464 ./Drivers/STM32F4xx_HAL_Driver/Src/stm32f4xx_hal_i2c.o
                0x0000000008003578                HAL_I2C_Master_Receive
 .text.I2C_MasterRequestWrite
                0x00000000080039dc      0x104 ./Drivers/STM32F4xx_HAL_Driver/Src/stm32f4xx_hal_i2c.o
 .text.I2C_MasterRequestRead
                0x0000000008003ae0      0x19c ./Drivers/STM32F4xx_HAL_Driver/Src/stm32f4xx_hal_i2c.o
 .text.I2C_WaitOnFlagUntilTimeout
                0x0000000008003c7c       0xf4 ./Drivers/STM32F4xx_HAL_Driver/Src/stm32f4xx_hal_i2c.o
 .text.I2C_WaitOnMasterAddressFlagUntilTimeout
                0x0000000008003d70      0x140 ./Drivers/STM32F4xx_HAL_Driver/Src/stm32f4xx_hal_i2c.o
 .text.I2C_WaitOnTXEFlagUntilTimeout
                0x0000000008003eb0       0x90 ./Drivers/STM32F4xx_HAL_Driver/Src/stm32f4xx_hal_i2c.o
 .text.I2C_WaitOnBTFFlagUntilTimeout
                0x0000000008003f40       0x90 ./Drivers/STM32F4xx_HAL_Driver/Src/stm32f4xx_hal_i2c.o
 .text.I2C_WaitOnRXNEFlagUntilTimeout
                0x0000000008003fd0       0xba ./Drivers/STM32F4xx_HAL_Driver/Src/stm32f4xx_hal_i2c.o
 .text.I2C_IsAcknowledgeFailed
                0x000000000800408a       0x5e ./Drivers/STM32F4xx_HAL_Driver/Src/stm32f4xx_hal_i2c.o
 .text.HAL_I2CEx_ConfigAnalogFilter
                0x00000000080040e8       0x78 ./Drivers/STM32F4xx_HAL_Driver/Src/stm32f4xx_hal_i2c_ex.o
                0x00000000080040e8                HAL_I2CEx_ConfigAnalogFilter
 .text.HAL_I2CEx_ConfigDigitalFilter
                0x0000000008004160       0x7e ./Drivers/STM32F4xx_HAL_Driver/Src/stm32f4xx_hal_i2c_ex.o
                0x0000000008004160                HAL_I2CEx_ConfigDigitalFilter
 *fill*         0x00000000080041de        0x2 
 .text.HAL_LTDC_Init
                0x00000000080041e0      0x1a0 ./Drivers/STM32F4xx_HAL_Driver/Src/stm32f4xx_hal_ltdc.o
                0x00000000080041e0                HAL_LTDC_Init
 .text.HAL_LTDC_ConfigLayer
                0x0000000008004380       0x7c ./Drivers/STM32F4xx_HAL_Driver/Src/stm32f4xx_hal_ltdc.o
                0x0000000008004380                HAL_LTDC_ConfigLayer
 .text.HAL_LTDC_SetAddress
                0x00000000080043fc       0x6c ./Drivers/STM32F4xx_HAL_Driver/Src/stm32f4xx_hal_ltdc.o
                0x00000000080043fc                HAL_LTDC_SetAddress
 .text.LTDC_SetConfig
                0x0000000008004468      0x32e ./Drivers/STM32F4xx_HAL_Driver/Src/stm32f4xx_hal_ltdc.o
 *fill*         0x0000000008004796        0x2 
 .text.HAL_PWREx_EnableOverDrive
                0x0000000008004798       0xa0 ./Drivers/STM32F4xx_HAL_Driver/Src/stm32f4xx_hal_pwr_ex.o
                0x0000000008004798                HAL_PWREx_EnableOverDrive
 .text.HAL_RCC_OscConfig
                0x0000000008004838      0x4f0 ./Drivers/STM32F4xx_HAL_Driver/Src/stm32f4xx_hal_rcc.o
                0x0000000008004838                HAL_RCC_OscConfig
 .text.HAL_RCC_ClockConfig
                0x0000000008004d28      0x1cc ./Drivers/STM32F4xx_HAL_Driver/Src/stm32f4xx_hal_rcc.o
                0x0000000008004d28                HAL_RCC_ClockConfig
 .text.HAL_RCC_GetSysClockFreq
                0x0000000008004ef4      0x18c ./Drivers/STM32F4xx_HAL_Driver/Src/stm32f4xx_hal_rcc.o
                0x0000000008004ef4                HAL_RCC_GetSysClockFreq
 .text.HAL_RCC_GetHCLKFreq
                0x0000000008005080       0x18 ./Drivers/STM32F4xx_HAL_Driver/Src/stm32f4xx_hal_rcc.o
                0x0000000008005080                HAL_RCC_GetHCLKFreq
 .text.HAL_RCC_GetPCLK1Freq
                0x0000000008005098       0x28 ./Drivers/STM32F4xx_HAL_Driver/Src/stm32f4xx_hal_rcc.o
                0x0000000008005098                HAL_RCC_GetPCLK1Freq
 .text.HAL_RCCEx_PeriphCLKConfig
                0x00000000080050c0      0x380 ./Drivers/STM32F4xx_HAL_Driver/Src/stm32f4xx_hal_rcc_ex.o
                0x00000000080050c0                HAL_RCCEx_PeriphCLKConfig
 .text.HAL_SDRAM_Init
                0x0000000008005440       0x68 ./Drivers/STM32F4xx_HAL_Driver/Src/stm32f4xx_hal_sdram.o
                0x0000000008005440                HAL_SDRAM_Init
 .text.HAL_SDRAM_SendCommand
                0x00000000080054a8       0x6a ./Drivers/STM32F4xx_HAL_Driver/Src/stm32f4xx_hal_sdram.o
                0x00000000080054a8                HAL_SDRAM_SendCommand
 .text.HAL_SDRAM_ProgramRefreshRate
                0x0000000008005512       0x50 ./Drivers/STM32F4xx_HAL_Driver/Src/stm32f4xx_hal_sdram.o
                0x0000000008005512                HAL_SDRAM_ProgramRefreshRate
 .text.HAL_SPI_Init
                0x0000000008005562      0x112 ./Drivers/STM32F4xx_HAL_Driver/Src/stm32f4xx_hal_spi.o
                0x0000000008005562                HAL_SPI_Init
 .text.HAL_SPI_Transmit
                0x0000000008005674      0x286 ./Drivers/STM32F4xx_HAL_Driver/Src/stm32f4xx_hal_spi.o
                0x0000000008005674                HAL_SPI_Transmit
 *fill*         0x00000000080058fa        0x2 
 .text.SPI_WaitFlagStateUntilTimeout
                0x00000000080058fc      0x110 ./Drivers/STM32F4xx_HAL_Driver/Src/stm32f4xx_hal_spi.o
 .text.SPI_EndRxTxTransaction
                0x0000000008005a0c       0xa8 ./Drivers/STM32F4xx_HAL_Driver/Src/stm32f4xx_hal_spi.o
 .text.FMC_SDRAM_Init
                0x0000000008005ab4       0xba ./Drivers/STM32F4xx_HAL_Driver/Src/stm32f4xx_ll_fmc.o
                0x0000000008005ab4                FMC_SDRAM_Init
 .text.FMC_SDRAM_Timing_Init
                0x0000000008005b6e       0xd2 ./Drivers/STM32F4xx_HAL_Driver/Src/stm32f4xx_ll_fmc.o
                0x0000000008005b6e                FMC_SDRAM_Timing_Init
 .text.FMC_SDRAM_SendCommand
                0x0000000008005c40       0x7a ./Drivers/STM32F4xx_HAL_Driver/Src/stm32f4xx_ll_fmc.o
                0x0000000008005c40                FMC_SDRAM_SendCommand
 .text.FMC_SDRAM_ProgramRefreshRate
                0x0000000008005cba       0x2e ./Drivers/STM32F4xx_HAL_Driver/Src/stm32f4xx_ll_fmc.o
                0x0000000008005cba                FMC_SDRAM_ProgramRefreshRate
 .text.sprintf  0x0000000008005ce8       0x40 C:/ST/STM32CubeIDE_1.14.1/STM32CubeIDE/plugins/com.st.stm32cube.ide.mcu.externaltools.gnu-tools-for-stm32.11.3.rel1.win32_1.1.100.202309141235/tools/bin/../lib/gcc/arm-none-eabi/11.3.1/../../../../arm-none-eabi/lib/thumb/v7e-m+fp/hard\libc_nano.a(libc_a-sprintf.o)
                0x0000000008005ce8                siprintf
                0x0000000008005ce8                sprintf
 .text.memset   0x0000000008005d28       0x10 C:/ST/STM32CubeIDE_1.14.1/STM32CubeIDE/plugins/com.st.stm32cube.ide.mcu.externaltools.gnu-tools-for-stm32.11.3.rel1.win32_1.1.100.202309141235/tools/bin/../lib/gcc/arm-none-eabi/11.3.1/../../../../arm-none-eabi/lib/thumb/v7e-m+fp/hard\libc_nano.a(libc_a-memset.o)
                0x0000000008005d28                memset
 .text.__errno  0x0000000008005d38        0xc C:/ST/STM32CubeIDE_1.14.1/STM32CubeIDE/plugins/com.st.stm32cube.ide.mcu.externaltools.gnu-tools-for-stm32.11.3.rel1.win32_1.1.100.202309141235/tools/bin/../lib/gcc/arm-none-eabi/11.3.1/../../../../arm-none-eabi/lib/thumb/v7e-m+fp/hard\libc_nano.a(libc_a-errno.o)
                0x0000000008005d38                __errno
 .text.__libc_init_array
                0x0000000008005d44       0x48 C:/ST/STM32CubeIDE_1.14.1/STM32CubeIDE/plugins/com.st.stm32cube.ide.mcu.externaltools.gnu-tools-for-stm32.11.3.rel1.win32_1.1.100.202309141235/tools/bin/../lib/gcc/arm-none-eabi/11.3.1/../../../../arm-none-eabi/lib/thumb/v7e-m+fp/hard\libc_nano.a(libc_a-init.o)
                0x0000000008005d44                __libc_init_array
 .text.__retarget_lock_acquire_recursive
                0x0000000008005d8c        0x2 C:/ST/STM32CubeIDE_1.14.1/STM32CubeIDE/plugins/com.st.stm32cube.ide.mcu.externaltools.gnu-tools-for-stm32.11.3.rel1.win32_1.1.100.202309141235/tools/bin/../lib/gcc/arm-none-eabi/11.3.1/../../../../arm-none-eabi/lib/thumb/v7e-m+fp/hard\libc_nano.a(libc_a-lock.o)
                0x0000000008005d8c                __retarget_lock_acquire_recursive
 .text.__retarget_lock_release_recursive
                0x0000000008005d8e        0x2 C:/ST/STM32CubeIDE_1.14.1/STM32CubeIDE/plugins/com.st.stm32cube.ide.mcu.externaltools.gnu-tools-for-stm32.11.3.rel1.win32_1.1.100.202309141235/tools/bin/../lib/gcc/arm-none-eabi/11.3.1/../../../../arm-none-eabi/lib/thumb/v7e-m+fp/hard\libc_nano.a(libc_a-lock.o)
                0x0000000008005d8e                __retarget_lock_release_recursive
 .text._free_r  0x0000000008005d90       0x98 C:/ST/STM32CubeIDE_1.14.1/STM32CubeIDE/plugins/com.st.stm32cube.ide.mcu.externaltools.gnu-tools-for-stm32.11.3.rel1.win32_1.1.100.202309141235/tools/bin/../lib/gcc/arm-none-eabi/11.3.1/../../../../arm-none-eabi/lib/thumb/v7e-m+fp/hard\libc_nano.a(libc_a-freer.o)
                0x0000000008005d90                _free_r
 .text.sbrk_aligned
                0x0000000008005e28       0x40 C:/ST/STM32CubeIDE_1.14.1/STM32CubeIDE/plugins/com.st.stm32cube.ide.mcu.externaltools.gnu-tools-for-stm32.11.3.rel1.win32_1.1.100.202309141235/tools/bin/../lib/gcc/arm-none-eabi/11.3.1/../../../../arm-none-eabi/lib/thumb/v7e-m+fp/hard\libc_nano.a(libc_a-mallocr.o)
 .text._malloc_r
                0x0000000008005e68      0x100 C:/ST/STM32CubeIDE_1.14.1/STM32CubeIDE/plugins/com.st.stm32cube.ide.mcu.externaltools.gnu-tools-for-stm32.11.3.rel1.win32_1.1.100.202309141235/tools/bin/../lib/gcc/arm-none-eabi/11.3.1/../../../../arm-none-eabi/lib/thumb/v7e-m+fp/hard\libc_nano.a(libc_a-mallocr.o)
                0x0000000008005e68                _malloc_r
 .text.__malloc_lock
                0x0000000008005f68        0xc C:/ST/STM32CubeIDE_1.14.1/STM32CubeIDE/plugins/com.st.stm32cube.ide.mcu.externaltools.gnu-tools-for-stm32.11.3.rel1.win32_1.1.100.202309141235/tools/bin/../lib/gcc/arm-none-eabi/11.3.1/../../../../arm-none-eabi/lib/thumb/v7e-m+fp/hard\libc_nano.a(libc_a-mlock.o)
                0x0000000008005f68                __malloc_lock
 .text.__malloc_unlock
                0x0000000008005f74        0xc C:/ST/STM32CubeIDE_1.14.1/STM32CubeIDE/plugins/com.st.stm32cube.ide.mcu.externaltools.gnu-tools-for-stm32.11.3.rel1.win32_1.1.100.202309141235/tools/bin/../lib/gcc/arm-none-eabi/11.3.1/../../../../arm-none-eabi/lib/thumb/v7e-m+fp/hard\libc_nano.a(libc_a-mlock.o)
                0x0000000008005f74                __malloc_unlock
 .text.__ssputs_r
                0x0000000008005f80       0xb4 C:/ST/STM32CubeIDE_1.14.1/STM32CubeIDE/plugins/com.st.stm32cube.ide.mcu.externaltools.gnu-tools-for-stm32.11.3.rel1.win32_1.1.100.202309141235/tools/bin/../lib/gcc/arm-none-eabi/11.3.1/../../../../arm-none-eabi/lib/thumb/v7e-m+fp/hard\libc_nano.a(libc_a-nano-svfprintf.o)
                0x0000000008005f80                __ssputs_r
 .text._svfprintf_r
                0x0000000008006034      0x1fc C:/ST/STM32CubeIDE_1.14.1/STM32CubeIDE/plugins/com.st.stm32cube.ide.mcu.externaltools.gnu-tools-for-stm32.11.3.rel1.win32_1.1.100.202309141235/tools/bin/../lib/gcc/arm-none-eabi/11.3.1/../../../../arm-none-eabi/lib/thumb/v7e-m+fp/hard\libc_nano.a(libc_a-nano-svfprintf.o)
                0x0000000008006034                _svfiprintf_r
                0x0000000008006034                _svfprintf_r
 .text._printf_common
                0x0000000008006230       0xda C:/ST/STM32CubeIDE_1.14.1/STM32CubeIDE/plugins/com.st.stm32cube.ide.mcu.externaltools.gnu-tools-for-stm32.11.3.rel1.win32_1.1.100.202309141235/tools/bin/../lib/gcc/arm-none-eabi/11.3.1/../../../../arm-none-eabi/lib/thumb/v7e-m+fp/hard\libc_nano.a(libc_a-nano-vfprintf_i.o)
                0x0000000008006230                _printf_common
 *fill*         0x000000000800630a        0x2 
 .text._printf_i
                0x000000000800630c      0x244 C:/ST/STM32CubeIDE_1.14.1/STM32CubeIDE/plugins/com.st.stm32cube.ide.mcu.externaltools.gnu-tools-for-stm32.11.3.rel1.win32_1.1.100.202309141235/tools/bin/../lib/gcc/arm-none-eabi/11.3.1/../../../../arm-none-eabi/lib/thumb/v7e-m+fp/hard\libc_nano.a(libc_a-nano-vfprintf_i.o)
                0x000000000800630c                _printf_i
 .text.memmove  0x0000000008006550       0x34 C:/ST/STM32CubeIDE_1.14.1/STM32CubeIDE/plugins/com.st.stm32cube.ide.mcu.externaltools.gnu-tools-for-stm32.11.3.rel1.win32_1.1.100.202309141235/tools/bin/../lib/gcc/arm-none-eabi/11.3.1/../../../../arm-none-eabi/lib/thumb/v7e-m+fp/hard\libc_nano.a(libc_a-memmove.o)
                0x0000000008006550                memmove
 .text._sbrk_r  0x0000000008006584       0x20 C:/ST/STM32CubeIDE_1.14.1/STM32CubeIDE/plugins/com.st.stm32cube.ide.mcu.externaltools.gnu-tools-for-stm32.11.3.rel1.win32_1.1.100.202309141235/tools/bin/../lib/gcc/arm-none-eabi/11.3.1/../../../../arm-none-eabi/lib/thumb/v7e-m+fp/hard\libc_nano.a(libc_a-sbrkr.o)
                0x0000000008006584                _sbrk_r
 .text.memcpy   0x00000000080065a4       0x1c C:/ST/STM32CubeIDE_1.14.1/STM32CubeIDE/plugins/com.st.stm32cube.ide.mcu.externaltools.gnu-tools-for-stm32.11.3.rel1.win32_1.1.100.202309141235/tools/bin/../lib/gcc/arm-none-eabi/11.3.1/../../../../arm-none-eabi/lib/thumb/v7e-m+fp/hard\libc_nano.a(libc_a-memcpy-stub.o)
                0x00000000080065a4                memcpy
 .text._realloc_r
                0x00000000080065c0       0x5e C:/ST/STM32CubeIDE_1.14.1/STM32CubeIDE/plugins/com.st.stm32cube.ide.mcu.externaltools.gnu-tools-for-stm32.11.3.rel1.win32_1.1.100.202309141235/tools/bin/../lib/gcc/arm-none-eabi/11.3.1/../../../../arm-none-eabi/lib/thumb/v7e-m+fp/hard\libc_nano.a(libc_a-reallocr.o)
                0x00000000080065c0                _realloc_r
 .text._malloc_usable_size_r
                0x000000000800661e       0x10 C:/ST/STM32CubeIDE_1.14.1/STM32CubeIDE/plugins/com.st.stm32cube.ide.mcu.externaltools.gnu-tools-for-stm32.11.3.rel1.win32_1.1.100.202309141235/tools/bin/../lib/gcc/arm-none-eabi/11.3.1/../../../../arm-none-eabi/lib/thumb/v7e-m+fp/hard\libc_nano.a(libc_a-msizer.o)
                0x000000000800661e                _malloc_usable_size_r
 *(.glue_7)
 .glue_7        0x000000000800662e        0x0 linker stubs
 *(.glue_7t)
 .glue_7t       0x000000000800662e        0x0 linker stubs
 *(.eh_frame)
 *fill*         0x000000000800662e        0x2 
 .eh_frame      0x0000000008006630        0x0 C:/ST/STM32CubeIDE_1.14.1/STM32CubeIDE/plugins/com.st.stm32cube.ide.mcu.externaltools.gnu-tools-for-stm32.11.3.rel1.win32_1.1.100.202309141235/tools/bin/../lib/gcc/arm-none-eabi/11.3.1/thumb/v7e-m+fp/hard/crtbegin.o
 *(.init)
 .init          0x0000000008006630        0x4 C:/ST/STM32CubeIDE_1.14.1/STM32CubeIDE/plugins/com.st.stm32cube.ide.mcu.externaltools.gnu-tools-for-stm32.11.3.rel1.win32_1.1.100.202309141235/tools/bin/../lib/gcc/arm-none-eabi/11.3.1/thumb/v7e-m+fp/hard/crti.o
                0x0000000008006630                _init
 .init          0x0000000008006634        0x8 C:/ST/STM32CubeIDE_1.14.1/STM32CubeIDE/plugins/com.st.stm32cube.ide.mcu.externaltools.gnu-tools-for-stm32.11.3.rel1.win32_1.1.100.202309141235/tools/bin/../lib/gcc/arm-none-eabi/11.3.1/thumb/v7e-m+fp/hard/crtn.o
 *(.fini)
 .fini          0x000000000800663c        0x4 C:/ST/STM32CubeIDE_1.14.1/STM32CubeIDE/plugins/com.st.stm32cube.ide.mcu.externaltools.gnu-tools-for-stm32.11.3.rel1.win32_1.1.100.202309141235/tools/bin/../lib/gcc/arm-none-eabi/11.3.1/thumb/v7e-m+fp/hard/crti.o
                0x000000000800663c                _fini
 .fini          0x0000000008006640        0x8 C:/ST/STM32CubeIDE_1.14.1/STM32CubeIDE/plugins/com.st.stm32cube.ide.mcu.externaltools.gnu-tools-for-stm32.11.3.rel1.win32_1.1.100.202309141235/tools/bin/../lib/gcc/arm-none-eabi/11.3.1/thumb/v7e-m+fp/hard/crtn.o
                0x0000000008006648                . = ALIGN (0x4)
                0x0000000008006648                _etext = .

.vfp11_veneer   0x0000000008006648        0x0
 .vfp11_veneer  0x0000000008006648        0x0 linker stubs

.v4_bx          0x0000000008006648        0x0
 .v4_bx         0x0000000008006648        0x0 linker stubs

.iplt           0x0000000008006648        0x0
 .iplt          0x0000000008006648        0x0 C:/ST/STM32CubeIDE_1.14.1/STM32CubeIDE/plugins/com.st.stm32cube.ide.mcu.externaltools.gnu-tools-for-stm32.11.3.rel1.win32_1.1.100.202309141235/tools/bin/../lib/gcc/arm-none-eabi/11.3.1/thumb/v7e-m+fp/hard/crtbegin.o

.rodata         0x0000000008006648    0x4e8e8
                0x0000000008006648                . = ALIGN (0x4)
 *(.rodata)
 .rodata        0x0000000008006648       0x33 ./Core/Src/main.o
 *(.rodata*)
 *fill*         0x000000000800667b        0x1 
 .rodata.Font16_Table
                0x000000000800667c      0xbe0 ./Core/Src/font16.o
                0x000000000800667c                Font16_Table
 .rodata.Font20_Table
                0x000000000800725c      0xed8 ./Core/Src/font20.o
                0x000000000800725c                Font20_Table
 .rodata.Font24_Table
                0x0000000008008134     0x1ab8 ./Core/Src/font24.o
                0x0000000008008134                Font24_Table
 .rodata.Font8_Table
                0x0000000008009bec      0x2f8 ./Core/Src/font8.o
                0x0000000008009bec                Font8_Table
 .rodata.image  0x0000000008009ee4    0x4b000 ./Core/Src/main.o
                0x0000000008009ee4                image
 .rodata.AHBPrescTable
                0x0000000008054ee4       0x10 ./Core/Src/system_stm32f4xx.o
                0x0000000008054ee4                AHBPrescTable
 .rodata.APBPrescTable
                0x0000000008054ef4        0x8 ./Core/Src/system_stm32f4xx.o
                0x0000000008054ef4                APBPrescTable
 .rodata._svfprintf_r.str1.1
                0x0000000008054efc       0x11 C:/ST/STM32CubeIDE_1.14.1/STM32CubeIDE/plugins/com.st.stm32cube.ide.mcu.externaltools.gnu-tools-for-stm32.11.3.rel1.win32_1.1.100.202309141235/tools/bin/../lib/gcc/arm-none-eabi/11.3.1/../../../../arm-none-eabi/lib/thumb/v7e-m+fp/hard\libc_nano.a(libc_a-nano-svfprintf.o)
 .rodata._printf_i.str1.1
                0x0000000008054f0d       0x22 C:/ST/STM32CubeIDE_1.14.1/STM32CubeIDE/plugins/com.st.stm32cube.ide.mcu.externaltools.gnu-tools-for-stm32.11.3.rel1.win32_1.1.100.202309141235/tools/bin/../lib/gcc/arm-none-eabi/11.3.1/../../../../arm-none-eabi/lib/thumb/v7e-m+fp/hard\libc_nano.a(libc_a-nano-vfprintf_i.o)
                0x0000000008054f30                . = ALIGN (0x4)
 *fill*         0x0000000008054f2f        0x1 

.ARM.extab      0x0000000008054f30        0x0
                0x0000000008054f30                . = ALIGN (0x4)
 *(.ARM.extab* .gnu.linkonce.armextab.*)
                0x0000000008054f30                . = ALIGN (0x4)

.ARM            0x0000000008054f30        0x8
                0x0000000008054f30                . = ALIGN (0x4)
                0x0000000008054f30                __exidx_start = .
 *(.ARM.exidx*)
 .ARM.exidx     0x0000000008054f30        0x8 C:/ST/STM32CubeIDE_1.14.1/STM32CubeIDE/plugins/com.st.stm32cube.ide.mcu.externaltools.gnu-tools-for-stm32.11.3.rel1.win32_1.1.100.202309141235/tools/bin/../lib/gcc/arm-none-eabi/11.3.1/thumb/v7e-m+fp/hard\libgcc.a(_udivmoddi4.o)
                0x0000000008054f38                __exidx_end = .
                0x0000000008054f38                . = ALIGN (0x4)

.rel.dyn        0x0000000008054f38        0x0
 .rel.iplt      0x0000000008054f38        0x0 C:/ST/STM32CubeIDE_1.14.1/STM32CubeIDE/plugins/com.st.stm32cube.ide.mcu.externaltools.gnu-tools-for-stm32.11.3.rel1.win32_1.1.100.202309141235/tools/bin/../lib/gcc/arm-none-eabi/11.3.1/thumb/v7e-m+fp/hard/crtbegin.o

.preinit_array  0x0000000008054f38        0x0
                0x0000000008054f38                . = ALIGN (0x4)
                0x0000000008054f38                PROVIDE (__preinit_array_start = .)
 *(.preinit_array*)
                0x0000000008054f38                PROVIDE (__preinit_array_end = .)
                0x0000000008054f38                . = ALIGN (0x4)

.init_array     0x0000000008054f38        0x4
                0x0000000008054f38                . = ALIGN (0x4)
                0x0000000008054f38                PROVIDE (__init_array_start = .)
 *(SORT_BY_NAME(.init_array.*))
 *(.init_array*)
 .init_array    0x0000000008054f38        0x4 C:/ST/STM32CubeIDE_1.14.1/STM32CubeIDE/plugins/com.st.stm32cube.ide.mcu.externaltools.gnu-tools-for-stm32.11.3.rel1.win32_1.1.100.202309141235/tools/bin/../lib/gcc/arm-none-eabi/11.3.1/thumb/v7e-m+fp/hard/crtbegin.o
                0x0000000008054f3c                PROVIDE (__init_array_end = .)
                0x0000000008054f3c                . = ALIGN (0x4)

.fini_array     0x0000000008054f3c        0x4
                0x0000000008054f3c                . = ALIGN (0x4)
                [!provide]                        PROVIDE (__fini_array_start = .)
 *(SORT_BY_NAME(.fini_array.*))
 *(.fini_array*)
 .fini_array    0x0000000008054f3c        0x4 C:/ST/STM32CubeIDE_1.14.1/STM32CubeIDE/plugins/com.st.stm32cube.ide.mcu.externaltools.gnu-tools-for-stm32.11.3.rel1.win32_1.1.100.202309141235/tools/bin/../lib/gcc/arm-none-eabi/11.3.1/thumb/v7e-m+fp/hard/crtbegin.o
                [!provide]                        PROVIDE (__fini_array_end = .)
                0x0000000008054f40                . = ALIGN (0x4)
                0x0000000008054f40                _sidata = LOADADDR (.data)

.data           0x0000000020000000       0x80 load address 0x0000000008054f40
                0x0000000020000000                . = ALIGN (0x4)
                0x0000000020000000                _sdata = .
 *(.data)
 *(.data*)
 .data.Font16   0x0000000020000000        0x8 ./Core/Src/font16.o
                0x0000000020000000                Font16
 .data.Font20   0x0000000020000008        0x8 ./Core/Src/font20.o
                0x0000000020000008                Font20
 .data.Font24   0x0000000020000010        0x8 ./Core/Src/font24.o
                0x0000000020000010                Font24
 .data.Font8    0x0000000020000018        0x8 ./Core/Src/font8.o
                0x0000000020000018                Font8
 .data.X_SIZE   0x0000000020000020        0x2 ./Core/Src/ltdc.o
                0x0000000020000020                X_SIZE
 *fill*         0x0000000020000022        0x2 
 .data.SystemCoreClock
                0x0000000020000024        0x4 ./Core/Src/system_stm32f4xx.o
                0x0000000020000024                SystemCoreClock
 .data.uwTickPrio
                0x0000000020000028        0x4 ./Drivers/STM32F4xx_HAL_Driver/Src/stm32f4xx_hal.o
                0x0000000020000028                uwTickPrio
 .data.uwTickFreq
                0x000000002000002c        0x1 ./Drivers/STM32F4xx_HAL_Driver/Src/stm32f4xx_hal.o
                0x000000002000002c                uwTickFreq
 *fill*         0x000000002000002d        0x3 
 .data._impure_data
                0x0000000020000030       0x4c C:/ST/STM32CubeIDE_1.14.1/STM32CubeIDE/plugins/com.st.stm32cube.ide.mcu.externaltools.gnu-tools-for-stm32.11.3.rel1.win32_1.1.100.202309141235/tools/bin/../lib/gcc/arm-none-eabi/11.3.1/../../../../arm-none-eabi/lib/thumb/v7e-m+fp/hard\libc_nano.a(libc_a-impure.o)
                0x0000000020000030                _impure_data
 .data._impure_ptr
                0x000000002000007c        0x4 C:/ST/STM32CubeIDE_1.14.1/STM32CubeIDE/plugins/com.st.stm32cube.ide.mcu.externaltools.gnu-tools-for-stm32.11.3.rel1.win32_1.1.100.202309141235/tools/bin/../lib/gcc/arm-none-eabi/11.3.1/../../../../arm-none-eabi/lib/thumb/v7e-m+fp/hard\libc_nano.a(libc_a-impure.o)
                0x000000002000007c                _impure_ptr
 *(.RamFunc)
 *(.RamFunc*)
                0x0000000020000080                . = ALIGN (0x4)
                0x0000000020000080                _edata = .
                0x0000000008054fc0                _siccmram = LOADADDR (.ccmram)

.igot.plt       0x0000000020000080        0x0 load address 0x0000000008054fc0
 .igot.plt      0x0000000020000080        0x0 C:/ST/STM32CubeIDE_1.14.1/STM32CubeIDE/plugins/com.st.stm32cube.ide.mcu.externaltools.gnu-tools-for-stm32.11.3.rel1.win32_1.1.100.202309141235/tools/bin/../lib/gcc/arm-none-eabi/11.3.1/thumb/v7e-m+fp/hard/crtbegin.o

.ccmram         0x0000000010000000        0x0 load address 0x0000000008054fc0
                0x0000000010000000                . = ALIGN (0x4)
                0x0000000010000000                _sccmram = .
 *(.ccmram)
 *(.ccmram*)
                0x0000000010000000                . = ALIGN (0x4)
                0x0000000010000000                _eccmram = .
                0x0000000010000000                . = ALIGN (0x4)

.bss            0x0000000020000080      0x360
                0x0000000020000080                _sbss = .
                0x0000000020000080                __bss_start__ = _sbss
 *(.bss)
 .bss           0x0000000020000080       0x1c C:/ST/STM32CubeIDE_1.14.1/STM32CubeIDE/plugins/com.st.stm32cube.ide.mcu.externaltools.gnu-tools-for-stm32.11.3.rel1.win32_1.1.100.202309141235/tools/bin/../lib/gcc/arm-none-eabi/11.3.1/thumb/v7e-m+fp/hard/crtbegin.o
 *(.bss*)
 .bss.lcdProp   0x000000002000009c        0xc ./Core/Src/ltdc.o
                0x000000002000009c                lcdProp
 .bss.ch        0x00000000200000a8        0x4 ./Core/Src/ltdc.o
                0x00000000200000a8                ch
 .bss.hdma2d    0x00000000200000ac       0x40 ./Core/Src/main.o
                0x00000000200000ac                hdma2d
 .bss.hi2c3     0x00000000200000ec       0x54 ./Core/Src/main.o
                0x00000000200000ec                hi2c3
 .bss.hltdc     0x0000000020000140       0xa8 ./Core/Src/main.o
                0x0000000020000140                hltdc
 .bss.hspi5     0x00000000200001e8       0x58 ./Core/Src/main.o
                0x00000000200001e8                hspi5
 .bss.hsdram1   0x0000000020000240       0x34 ./Core/Src/main.o
                0x0000000020000240                hsdram1
 .bss.command   0x0000000020000274       0x10 ./Core/Src/sdram.o
                0x0000000020000274                command
 .bss.FMC_Initialized
                0x0000000020000284        0x4 ./Core/Src/stm32f4xx_hal_msp.o
 .bss.__sbrk_heap_end
                0x0000000020000288        0x4 ./Core/Src/sysmem.o
 .bss._x.2      0x000000002000028c        0x2 ./Core/Src/touch.o
 .bss._y.1      0x000000002000028e        0x2 ./Core/Src/touch.o
 .bss._z.0      0x0000000020000290        0x2 ./Core/Src/touch.o
 *fill*         0x0000000020000292        0x2 
 .bss.uwTick    0x0000000020000294        0x4 ./Drivers/STM32F4xx_HAL_Driver/Src/stm32f4xx_hal.o
                0x0000000020000294                uwTick
 .bss.__sf      0x0000000020000298      0x138 C:/ST/STM32CubeIDE_1.14.1/STM32CubeIDE/plugins/com.st.stm32cube.ide.mcu.externaltools.gnu-tools-for-stm32.11.3.rel1.win32_1.1.100.202309141235/tools/bin/../lib/gcc/arm-none-eabi/11.3.1/../../../../arm-none-eabi/lib/thumb/v7e-m+fp/hard\libc_nano.a(libc_a-findfp.o)
                0x0000000020000298                __sf
 .bss.errno     0x00000000200003d0        0x4 C:/ST/STM32CubeIDE_1.14.1/STM32CubeIDE/plugins/com.st.stm32cube.ide.mcu.externaltools.gnu-tools-for-stm32.11.3.rel1.win32_1.1.100.202309141235/tools/bin/../lib/gcc/arm-none-eabi/11.3.1/../../../../arm-none-eabi/lib/thumb/v7e-m+fp/hard\libc_nano.a(libc_a-reent.o)
                0x00000000200003d0                errno
 .bss.__lock___malloc_recursive_mutex
                0x00000000200003d4        0x1 C:/ST/STM32CubeIDE_1.14.1/STM32CubeIDE/plugins/com.st.stm32cube.ide.mcu.externaltools.gnu-tools-for-stm32.11.3.rel1.win32_1.1.100.202309141235/tools/bin/../lib/gcc/arm-none-eabi/11.3.1/../../../../arm-none-eabi/lib/thumb/v7e-m+fp/hard\libc_nano.a(libc_a-lock.o)
                0x00000000200003d4                __lock___malloc_recursive_mutex
 *fill*         0x00000000200003d5        0x3 
 .bss.__malloc_free_list
                0x00000000200003d8        0x4 C:/ST/STM32CubeIDE_1.14.1/STM32CubeIDE/plugins/com.st.stm32cube.ide.mcu.externaltools.gnu-tools-for-stm32.11.3.rel1.win32_1.1.100.202309141235/tools/bin/../lib/gcc/arm-none-eabi/11.3.1/../../../../arm-none-eabi/lib/thumb/v7e-m+fp/hard\libc_nano.a(libc_a-mallocr.o)
                0x00000000200003d8                __malloc_free_list
 .bss.__malloc_sbrk_start
                0x00000000200003dc        0x4 C:/ST/STM32CubeIDE_1.14.1/STM32CubeIDE/plugins/com.st.stm32cube.ide.mcu.externaltools.gnu-tools-for-stm32.11.3.rel1.win32_1.1.100.202309141235/tools/bin/../lib/gcc/arm-none-eabi/11.3.1/../../../../arm-none-eabi/lib/thumb/v7e-m+fp/hard\libc_nano.a(libc_a-mallocr.o)
                0x00000000200003dc                __malloc_sbrk_start
 *(COMMON)
                0x00000000200003e0                . = ALIGN (0x4)
                0x00000000200003e0                _ebss = .
                0x00000000200003e0                __bss_end__ = _ebss

._user_heap_stack
                0x00000000200003e0      0x600
                0x00000000200003e0                . = ALIGN (0x8)
                [!provide]                        PROVIDE (end = .)
                0x00000000200003e0                PROVIDE (_end = .)
                0x00000000200005e0                . = (. + _Min_Heap_Size)
 *fill*         0x00000000200003e0      0x200 
                0x00000000200009e0                . = (. + _Min_Stack_Size)
 *fill*         0x00000000200005e0      0x400 
                0x00000000200009e0                . = ALIGN (0x8)

/DISCARD/
 libc.a(*)
 libm.a(*)
 libgcc.a(*)

.ARM.attributes
                0x0000000000000000       0x30
 *(.ARM.attributes)
 .ARM.attributes
                0x0000000000000000       0x1e C:/ST/STM32CubeIDE_1.14.1/STM32CubeIDE/plugins/com.st.stm32cube.ide.mcu.externaltools.gnu-tools-for-stm32.11.3.rel1.win32_1.1.100.202309141235/tools/bin/../lib/gcc/arm-none-eabi/11.3.1/thumb/v7e-m+fp/hard/crti.o
 .ARM.attributes
                0x000000000000001e       0x34 C:/ST/STM32CubeIDE_1.14.1/STM32CubeIDE/plugins/com.st.stm32cube.ide.mcu.externaltools.gnu-tools-for-stm32.11.3.rel1.win32_1.1.100.202309141235/tools/bin/../lib/gcc/arm-none-eabi/11.3.1/thumb/v7e-m+fp/hard/crtbegin.o
 .ARM.attributes
                0x0000000000000052       0x34 ./Core/Src/font16.o
 .ARM.attributes
                0x0000000000000086       0x34 ./Core/Src/font20.o
 .ARM.attributes
                0x00000000000000ba       0x34 ./Core/Src/font24.o
 .ARM.attributes
                0x00000000000000ee       0x34 ./Core/Src/font8.o
 .ARM.attributes
                0x0000000000000122       0x34 ./Core/Src/ltdc.o
 .ARM.attributes
                0x0000000000000156       0x34 ./Core/Src/main.o
 .ARM.attributes
                0x000000000000018a       0x34 ./Core/Src/sdram.o
 .ARM.attributes
                0x00000000000001be       0x34 ./Core/Src/stm32f4xx_hal_msp.o
 .ARM.attributes
                0x00000000000001f2       0x34 ./Core/Src/stm32f4xx_it.o
 .ARM.attributes
                0x0000000000000226       0x34 ./Core/Src/sysmem.o
 .ARM.attributes
                0x000000000000025a       0x34 ./Core/Src/system_stm32f4xx.o
 .ARM.attributes
                0x000000000000028e       0x34 ./Core/Src/touch.o
 .ARM.attributes
                0x00000000000002c2       0x21 ./Core/Startup/startup_stm32f429igtx.o
 .ARM.attributes
                0x00000000000002e3       0x34 ./Drivers/STM32F4xx_HAL_Driver/Src/stm32f4xx_hal.o
 .ARM.attributes
                0x0000000000000317       0x34 ./Drivers/STM32F4xx_HAL_Driver/Src/stm32f4xx_hal_cortex.o
 .ARM.attributes
                0x000000000000034b       0x34 ./Drivers/STM32F4xx_HAL_Driver/Src/stm32f4xx_hal_dma2d.o
 .ARM.attributes
                0x000000000000037f       0x34 ./Drivers/STM32F4xx_HAL_Driver/Src/stm32f4xx_hal_gpio.o
 .ARM.attributes
                0x00000000000003b3       0x34 ./Drivers/STM32F4xx_HAL_Driver/Src/stm32f4xx_hal_i2c.o
 .ARM.attributes
                0x00000000000003e7       0x34 ./Drivers/STM32F4xx_HAL_Driver/Src/stm32f4xx_hal_i2c_ex.o
 .ARM.attributes
                0x000000000000041b       0x34 ./Drivers/STM32F4xx_HAL_Driver/Src/stm32f4xx_hal_ltdc.o
 .ARM.attributes
                0x000000000000044f       0x34 ./Drivers/STM32F4xx_HAL_Driver/Src/stm32f4xx_hal_pwr_ex.o
 .ARM.attributes
                0x0000000000000483       0x34 ./Drivers/STM32F4xx_HAL_Driver/Src/stm32f4xx_hal_rcc.o
 .ARM.attributes
                0x00000000000004b7       0x34 ./Drivers/STM32F4xx_HAL_Driver/Src/stm32f4xx_hal_rcc_ex.o
 .ARM.attributes
                0x00000000000004eb       0x34 ./Drivers/STM32F4xx_HAL_Driver/Src/stm32f4xx_hal_sdram.o
 .ARM.attributes
                0x000000000000051f       0x34 ./Drivers/STM32F4xx_HAL_Driver/Src/stm32f4xx_hal_spi.o
 .ARM.attributes
                0x0000000000000553       0x34 ./Drivers/STM32F4xx_HAL_Driver/Src/stm32f4xx_ll_fmc.o
 .ARM.attributes
                0x0000000000000587       0x34 C:/ST/STM32CubeIDE_1.14.1/STM32CubeIDE/plugins/com.st.stm32cube.ide.mcu.externaltools.gnu-tools-for-stm32.11.3.rel1.win32_1.1.100.202309141235/tools/bin/../lib/gcc/arm-none-eabi/11.3.1/../../../../arm-none-eabi/lib/thumb/v7e-m+fp/hard\libc_nano.a(libc_a-findfp.o)
 .ARM.attributes
                0x00000000000005bb       0x34 C:/ST/STM32CubeIDE_1.14.1/STM32CubeIDE/plugins/com.st.stm32cube.ide.mcu.externaltools.gnu-tools-for-stm32.11.3.rel1.win32_1.1.100.202309141235/tools/bin/../lib/gcc/arm-none-eabi/11.3.1/../../../../arm-none-eabi/lib/thumb/v7e-m+fp/hard\libc_nano.a(libc_a-sprintf.o)
 .ARM.attributes
                0x00000000000005ef       0x34 C:/ST/STM32CubeIDE_1.14.1/STM32CubeIDE/plugins/com.st.stm32cube.ide.mcu.externaltools.gnu-tools-for-stm32.11.3.rel1.win32_1.1.100.202309141235/tools/bin/../lib/gcc/arm-none-eabi/11.3.1/../../../../arm-none-eabi/lib/thumb/v7e-m+fp/hard\libc_nano.a(libc_a-memset.o)
 .ARM.attributes
                0x0000000000000623       0x34 C:/ST/STM32CubeIDE_1.14.1/STM32CubeIDE/plugins/com.st.stm32cube.ide.mcu.externaltools.gnu-tools-for-stm32.11.3.rel1.win32_1.1.100.202309141235/tools/bin/../lib/gcc/arm-none-eabi/11.3.1/../../../../arm-none-eabi/lib/thumb/v7e-m+fp/hard\libc_nano.a(libc_a-reent.o)
 .ARM.attributes
                0x0000000000000657       0x34 C:/ST/STM32CubeIDE_1.14.1/STM32CubeIDE/plugins/com.st.stm32cube.ide.mcu.externaltools.gnu-tools-for-stm32.11.3.rel1.win32_1.1.100.202309141235/tools/bin/../lib/gcc/arm-none-eabi/11.3.1/../../../../arm-none-eabi/lib/thumb/v7e-m+fp/hard\libc_nano.a(libc_a-impure.o)
 .ARM.attributes
                0x000000000000068b       0x34 C:/ST/STM32CubeIDE_1.14.1/STM32CubeIDE/plugins/com.st.stm32cube.ide.mcu.externaltools.gnu-tools-for-stm32.11.3.rel1.win32_1.1.100.202309141235/tools/bin/../lib/gcc/arm-none-eabi/11.3.1/../../../../arm-none-eabi/lib/thumb/v7e-m+fp/hard\libc_nano.a(libc_a-errno.o)
 .ARM.attributes
                0x00000000000006bf       0x34 C:/ST/STM32CubeIDE_1.14.1/STM32CubeIDE/plugins/com.st.stm32cube.ide.mcu.externaltools.gnu-tools-for-stm32.11.3.rel1.win32_1.1.100.202309141235/tools/bin/../lib/gcc/arm-none-eabi/11.3.1/../../../../arm-none-eabi/lib/thumb/v7e-m+fp/hard\libc_nano.a(libc_a-init.o)
 .ARM.attributes
                0x00000000000006f3       0x34 C:/ST/STM32CubeIDE_1.14.1/STM32CubeIDE/plugins/com.st.stm32cube.ide.mcu.externaltools.gnu-tools-for-stm32.11.3.rel1.win32_1.1.100.202309141235/tools/bin/../lib/gcc/arm-none-eabi/11.3.1/../../../../arm-none-eabi/lib/thumb/v7e-m+fp/hard\libc_nano.a(libc_a-lock.o)
 .ARM.attributes
                0x0000000000000727       0x34 C:/ST/STM32CubeIDE_1.14.1/STM32CubeIDE/plugins/com.st.stm32cube.ide.mcu.externaltools.gnu-tools-for-stm32.11.3.rel1.win32_1.1.100.202309141235/tools/bin/../lib/gcc/arm-none-eabi/11.3.1/../../../../arm-none-eabi/lib/thumb/v7e-m+fp/hard\libc_nano.a(libc_a-freer.o)
 .ARM.attributes
                0x000000000000075b       0x34 C:/ST/STM32CubeIDE_1.14.1/STM32CubeIDE/plugins/com.st.stm32cube.ide.mcu.externaltools.gnu-tools-for-stm32.11.3.rel1.win32_1.1.100.202309141235/tools/bin/../lib/gcc/arm-none-eabi/11.3.1/../../../../arm-none-eabi/lib/thumb/v7e-m+fp/hard\libc_nano.a(libc_a-mallocr.o)
 .ARM.attributes
                0x000000000000078f       0x34 C:/ST/STM32CubeIDE_1.14.1/STM32CubeIDE/plugins/com.st.stm32cube.ide.mcu.externaltools.gnu-tools-for-stm32.11.3.rel1.win32_1.1.100.202309141235/tools/bin/../lib/gcc/arm-none-eabi/11.3.1/../../../../arm-none-eabi/lib/thumb/v7e-m+fp/hard\libc_nano.a(libc_a-mlock.o)
 .ARM.attributes
                0x00000000000007c3       0x34 C:/ST/STM32CubeIDE_1.14.1/STM32CubeIDE/plugins/com.st.stm32cube.ide.mcu.externaltools.gnu-tools-for-stm32.11.3.rel1.win32_1.1.100.202309141235/tools/bin/../lib/gcc/arm-none-eabi/11.3.1/../../../../arm-none-eabi/lib/thumb/v7e-m+fp/hard\libc_nano.a(libc_a-nano-svfprintf.o)
 .ARM.attributes
                0x00000000000007f7       0x34 C:/ST/STM32CubeIDE_1.14.1/STM32CubeIDE/plugins/com.st.stm32cube.ide.mcu.externaltools.gnu-tools-for-stm32.11.3.rel1.win32_1.1.100.202309141235/tools/bin/../lib/gcc/arm-none-eabi/11.3.1/../../../../arm-none-eabi/lib/thumb/v7e-m+fp/hard\libc_nano.a(libc_a-nano-vfprintf_i.o)
 .ARM.attributes
                0x000000000000082b       0x34 C:/ST/STM32CubeIDE_1.14.1/STM32CubeIDE/plugins/com.st.stm32cube.ide.mcu.externaltools.gnu-tools-for-stm32.11.3.rel1.win32_1.1.100.202309141235/tools/bin/../lib/gcc/arm-none-eabi/11.3.1/../../../../arm-none-eabi/lib/thumb/v7e-m+fp/hard\libc_nano.a(libc_a-memmove.o)
 .ARM.attributes
                0x000000000000085f       0x34 C:/ST/STM32CubeIDE_1.14.1/STM32CubeIDE/plugins/com.st.stm32cube.ide.mcu.externaltools.gnu-tools-for-stm32.11.3.rel1.win32_1.1.100.202309141235/tools/bin/../lib/gcc/arm-none-eabi/11.3.1/../../../../arm-none-eabi/lib/thumb/v7e-m+fp/hard\libc_nano.a(libc_a-sbrkr.o)
 .ARM.attributes
                0x0000000000000893       0x1c C:/ST/STM32CubeIDE_1.14.1/STM32CubeIDE/plugins/com.st.stm32cube.ide.mcu.externaltools.gnu-tools-for-stm32.11.3.rel1.win32_1.1.100.202309141235/tools/bin/../lib/gcc/arm-none-eabi/11.3.1/../../../../arm-none-eabi/lib/thumb/v7e-m+fp/hard\libc_nano.a(libc_a-memchr.o)
 .ARM.attributes
                0x00000000000008af       0x34 C:/ST/STM32CubeIDE_1.14.1/STM32CubeIDE/plugins/com.st.stm32cube.ide.mcu.externaltools.gnu-tools-for-stm32.11.3.rel1.win32_1.1.100.202309141235/tools/bin/../lib/gcc/arm-none-eabi/11.3.1/../../../../arm-none-eabi/lib/thumb/v7e-m+fp/hard\libc_nano.a(libc_a-memcpy-stub.o)
 .ARM.attributes
                0x00000000000008e3       0x34 C:/ST/STM32CubeIDE_1.14.1/STM32CubeIDE/plugins/com.st.stm32cube.ide.mcu.externaltools.gnu-tools-for-stm32.11.3.rel1.win32_1.1.100.202309141235/tools/bin/../lib/gcc/arm-none-eabi/11.3.1/../../../../arm-none-eabi/lib/thumb/v7e-m+fp/hard\libc_nano.a(libc_a-reallocr.o)
 .ARM.attributes
                0x0000000000000917       0x34 C:/ST/STM32CubeIDE_1.14.1/STM32CubeIDE/plugins/com.st.stm32cube.ide.mcu.externaltools.gnu-tools-for-stm32.11.3.rel1.win32_1.1.100.202309141235/tools/bin/../lib/gcc/arm-none-eabi/11.3.1/../../../../arm-none-eabi/lib/thumb/v7e-m+fp/hard\libc_nano.a(libc_a-msizer.o)
 .ARM.attributes
                0x000000000000094b       0x1e C:/ST/STM32CubeIDE_1.14.1/STM32CubeIDE/plugins/com.st.stm32cube.ide.mcu.externaltools.gnu-tools-for-stm32.11.3.rel1.win32_1.1.100.202309141235/tools/bin/../lib/gcc/arm-none-eabi/11.3.1/thumb/v7e-m+fp/hard\libgcc.a(_aeabi_uldivmod.o)
 .ARM.attributes
                0x0000000000000969       0x34 C:/ST/STM32CubeIDE_1.14.1/STM32CubeIDE/plugins/com.st.stm32cube.ide.mcu.externaltools.gnu-tools-for-stm32.11.3.rel1.win32_1.1.100.202309141235/tools/bin/../lib/gcc/arm-none-eabi/11.3.1/thumb/v7e-m+fp/hard\libgcc.a(_udivmoddi4.o)
 .ARM.attributes
                0x000000000000099d       0x1e C:/ST/STM32CubeIDE_1.14.1/STM32CubeIDE/plugins/com.st.stm32cube.ide.mcu.externaltools.gnu-tools-for-stm32.11.3.rel1.win32_1.1.100.202309141235/tools/bin/../lib/gcc/arm-none-eabi/11.3.1/thumb/v7e-m+fp/hard\libgcc.a(_dvmd_tls.o)
 .ARM.attributes
                0x00000000000009bb       0x1e C:/ST/STM32CubeIDE_1.14.1/STM32CubeIDE/plugins/com.st.stm32cube.ide.mcu.externaltools.gnu-tools-for-stm32.11.3.rel1.win32_1.1.100.202309141235/tools/bin/../lib/gcc/arm-none-eabi/11.3.1/thumb/v7e-m+fp/hard/crtn.o
OUTPUT(stm32f429I_LTDC.elf elf32-littlearm)
LOAD linker stubs
LOAD C:/ST/STM32CubeIDE_1.14.1/STM32CubeIDE/plugins/com.st.stm32cube.ide.mcu.externaltools.gnu-tools-for-stm32.11.3.rel1.win32_1.1.100.202309141235/tools/bin/../lib/gcc/arm-none-eabi/11.3.1/../../../../arm-none-eabi/lib/thumb/v7e-m+fp/hard\libc.a
LOAD C:/ST/STM32CubeIDE_1.14.1/STM32CubeIDE/plugins/com.st.stm32cube.ide.mcu.externaltools.gnu-tools-for-stm32.11.3.rel1.win32_1.1.100.202309141235/tools/bin/../lib/gcc/arm-none-eabi/11.3.1/../../../../arm-none-eabi/lib/thumb/v7e-m+fp/hard\libm.a
LOAD C:/ST/STM32CubeIDE_1.14.1/STM32CubeIDE/plugins/com.st.stm32cube.ide.mcu.externaltools.gnu-tools-for-stm32.11.3.rel1.win32_1.1.100.202309141235/tools/bin/../lib/gcc/arm-none-eabi/11.3.1/thumb/v7e-m+fp/hard\libgcc.a

.comment        0x0000000000000000       0x43
 .comment       0x0000000000000000       0x43 C:/ST/STM32CubeIDE_1.14.1/STM32CubeIDE/plugins/com.st.stm32cube.ide.mcu.externaltools.gnu-tools-for-stm32.11.3.rel1.win32_1.1.100.202309141235/tools/bin/../lib/gcc/arm-none-eabi/11.3.1/thumb/v7e-m+fp/hard/crtbegin.o
                                         0x44 (size before relaxing)
 .comment       0x0000000000000043       0x44 ./Core/Src/font16.o
 .comment       0x0000000000000043       0x44 ./Core/Src/font20.o
 .comment       0x0000000000000043       0x44 ./Core/Src/font24.o
 .comment       0x0000000000000043       0x44 ./Core/Src/font8.o
 .comment       0x0000000000000043       0x44 ./Core/Src/ltdc.o
 .comment       0x0000000000000043       0x44 ./Core/Src/main.o
 .comment       0x0000000000000043       0x44 ./Core/Src/sdram.o
 .comment       0x0000000000000043       0x44 ./Core/Src/stm32f4xx_hal_msp.o
 .comment       0x0000000000000043       0x44 ./Core/Src/stm32f4xx_it.o
 .comment       0x0000000000000043       0x44 ./Core/Src/sysmem.o
 .comment       0x0000000000000043       0x44 ./Core/Src/system_stm32f4xx.o
 .comment       0x0000000000000043       0x44 ./Core/Src/touch.o
 .comment       0x0000000000000043       0x44 ./Drivers/STM32F4xx_HAL_Driver/Src/stm32f4xx_hal.o
 .comment       0x0000000000000043       0x44 ./Drivers/STM32F4xx_HAL_Driver/Src/stm32f4xx_hal_cortex.o
 .comment       0x0000000000000043       0x44 ./Drivers/STM32F4xx_HAL_Driver/Src/stm32f4xx_hal_dma2d.o
 .comment       0x0000000000000043       0x44 ./Drivers/STM32F4xx_HAL_Driver/Src/stm32f4xx_hal_gpio.o
 .comment       0x0000000000000043       0x44 ./Drivers/STM32F4xx_HAL_Driver/Src/stm32f4xx_hal_i2c.o
 .comment       0x0000000000000043       0x44 ./Drivers/STM32F4xx_HAL_Driver/Src/stm32f4xx_hal_i2c_ex.o
 .comment       0x0000000000000043       0x44 ./Drivers/STM32F4xx_HAL_Driver/Src/stm32f4xx_hal_ltdc.o
 .comment       0x0000000000000043       0x44 ./Drivers/STM32F4xx_HAL_Driver/Src/stm32f4xx_hal_pwr_ex.o
 .comment       0x0000000000000043       0x44 ./Drivers/STM32F4xx_HAL_Driver/Src/stm32f4xx_hal_rcc.o
 .comment       0x0000000000000043       0x44 ./Drivers/STM32F4xx_HAL_Driver/Src/stm32f4xx_hal_rcc_ex.o
 .comment       0x0000000000000043       0x44 ./Drivers/STM32F4xx_HAL_Driver/Src/stm32f4xx_hal_sdram.o
 .comment       0x0000000000000043       0x44 ./Drivers/STM32F4xx_HAL_Driver/Src/stm32f4xx_hal_spi.o
 .comment       0x0000000000000043       0x44 ./Drivers/STM32F4xx_HAL_Driver/Src/stm32f4xx_ll_fmc.o

.debug_info     0x0000000000000000    0x11b18
 .debug_info    0x0000000000000000      0x125 ./Core/Src/font16.o
 .debug_info    0x0000000000000125      0x125 ./Core/Src/font20.o
 .debug_info    0x000000000000024a      0x125 ./Core/Src/font24.o
 .debug_info    0x000000000000036f      0x125 ./Core/Src/font8.o
 .debug_info    0x0000000000000494     0x1513 ./Core/Src/ltdc.o
 .debug_info    0x00000000000019a7     0x1c1f ./Core/Src/main.o
 .debug_info    0x00000000000035c6      0x5c9 ./Core/Src/sdram.o
 .debug_info    0x0000000000003b8f     0x1b7d ./Core/Src/stm32f4xx_hal_msp.o
 .debug_info    0x000000000000570c      0x439 ./Core/Src/stm32f4xx_it.o
 .debug_info    0x0000000000005b45      0x168 ./Core/Src/sysmem.o
 .debug_info    0x0000000000005cad      0x52e ./Core/Src/system_stm32f4xx.o
 .debug_info    0x00000000000061db      0x946 ./Core/Src/touch.o
 .debug_info    0x0000000000006b21       0x23 ./Core/Startup/startup_stm32f429igtx.o
 .debug_info    0x0000000000006b44      0x9ba ./Drivers/STM32F4xx_HAL_Driver/Src/stm32f4xx_hal.o
 .debug_info    0x00000000000074fe      0xd8d ./Drivers/STM32F4xx_HAL_Driver/Src/stm32f4xx_hal_cortex.o
 .debug_info    0x000000000000828b      0xe6e ./Drivers/STM32F4xx_HAL_Driver/Src/stm32f4xx_hal_dma2d.o
 .debug_info    0x00000000000090f9      0x6db ./Drivers/STM32F4xx_HAL_Driver/Src/stm32f4xx_hal_gpio.o
 .debug_info    0x00000000000097d4     0x2421 ./Drivers/STM32F4xx_HAL_Driver/Src/stm32f4xx_hal_i2c.o
 .debug_info    0x000000000000bbf5      0x672 ./Drivers/STM32F4xx_HAL_Driver/Src/stm32f4xx_hal_i2c_ex.o
 .debug_info    0x000000000000c267     0x1022 ./Drivers/STM32F4xx_HAL_Driver/Src/stm32f4xx_hal_ltdc.o
 .debug_info    0x000000000000d289      0x6be ./Drivers/STM32F4xx_HAL_Driver/Src/stm32f4xx_hal_pwr_ex.o
 .debug_info    0x000000000000d947      0x8c9 ./Drivers/STM32F4xx_HAL_Driver/Src/stm32f4xx_hal_rcc.o
 .debug_info    0x000000000000e210      0x651 ./Drivers/STM32F4xx_HAL_Driver/Src/stm32f4xx_hal_rcc_ex.o
 .debug_info    0x000000000000e861      0xeb4 ./Drivers/STM32F4xx_HAL_Driver/Src/stm32f4xx_hal_sdram.o
 .debug_info    0x000000000000f715     0x15fb ./Drivers/STM32F4xx_HAL_Driver/Src/stm32f4xx_hal_spi.o
 .debug_info    0x0000000000010d10      0xe08 ./Drivers/STM32F4xx_HAL_Driver/Src/stm32f4xx_ll_fmc.o

.debug_abbrev   0x0000000000000000     0x2e44
 .debug_abbrev  0x0000000000000000       0xb1 ./Core/Src/font16.o
 .debug_abbrev  0x00000000000000b1       0xb1 ./Core/Src/font20.o
 .debug_abbrev  0x0000000000000162       0xb1 ./Core/Src/font24.o
 .debug_abbrev  0x0000000000000213       0xb1 ./Core/Src/font8.o
 .debug_abbrev  0x00000000000002c4      0x2fc ./Core/Src/ltdc.o
 .debug_abbrev  0x00000000000005c0      0x2f0 ./Core/Src/main.o
 .debug_abbrev  0x00000000000008b0      0x186 ./Core/Src/sdram.o
 .debug_abbrev  0x0000000000000a36      0x27c ./Core/Src/stm32f4xx_hal_msp.o
 .debug_abbrev  0x0000000000000cb2      0x189 ./Core/Src/stm32f4xx_it.o
 .debug_abbrev  0x0000000000000e3b       0xbc ./Core/Src/sysmem.o
 .debug_abbrev  0x0000000000000ef7      0x11a ./Core/Src/system_stm32f4xx.o
 .debug_abbrev  0x0000000000001011      0x1f9 ./Core/Src/touch.o
 .debug_abbrev  0x000000000000120a       0x12 ./Core/Startup/startup_stm32f429igtx.o
 .debug_abbrev  0x000000000000121c      0x214 ./Drivers/STM32F4xx_HAL_Driver/Src/stm32f4xx_hal.o
 .debug_abbrev  0x0000000000001430      0x328 ./Drivers/STM32F4xx_HAL_Driver/Src/stm32f4xx_hal_cortex.o
 .debug_abbrev  0x0000000000001758      0x23e ./Drivers/STM32F4xx_HAL_Driver/Src/stm32f4xx_hal_dma2d.o
 .debug_abbrev  0x0000000000001996      0x1d4 ./Drivers/STM32F4xx_HAL_Driver/Src/stm32f4xx_hal_gpio.o
 .debug_abbrev  0x0000000000001b6a      0x2ad ./Drivers/STM32F4xx_HAL_Driver/Src/stm32f4xx_hal_i2c.o
 .debug_abbrev  0x0000000000001e17      0x157 ./Drivers/STM32F4xx_HAL_Driver/Src/stm32f4xx_hal_i2c_ex.o
 .debug_abbrev  0x0000000000001f6e      0x233 ./Drivers/STM32F4xx_HAL_Driver/Src/stm32f4xx_hal_ltdc.o
 .debug_abbrev  0x00000000000021a1      0x1cf ./Drivers/STM32F4xx_HAL_Driver/Src/stm32f4xx_hal_pwr_ex.o
 .debug_abbrev  0x0000000000002370      0x2b6 ./Drivers/STM32F4xx_HAL_Driver/Src/stm32f4xx_hal_rcc.o
 .debug_abbrev  0x0000000000002626      0x1af ./Drivers/STM32F4xx_HAL_Driver/Src/stm32f4xx_hal_rcc_ex.o
 .debug_abbrev  0x00000000000027d5      0x240 ./Drivers/STM32F4xx_HAL_Driver/Src/stm32f4xx_hal_sdram.o
 .debug_abbrev  0x0000000000002a15      0x284 ./Drivers/STM32F4xx_HAL_Driver/Src/stm32f4xx_hal_spi.o
 .debug_abbrev  0x0000000000002c99      0x1ab ./Drivers/STM32F4xx_HAL_Driver/Src/stm32f4xx_ll_fmc.o

.debug_aranges  0x0000000000000000      0xfd8
 .debug_aranges
                0x0000000000000000       0x18 ./Core/Src/font16.o
 .debug_aranges
                0x0000000000000018       0x18 ./Core/Src/font20.o
 .debug_aranges
                0x0000000000000030       0x18 ./Core/Src/font24.o
 .debug_aranges
                0x0000000000000048       0x18 ./Core/Src/font8.o
 .debug_aranges
                0x0000000000000060       0xa0 ./Core/Src/ltdc.o
 .debug_aranges
                0x0000000000000100       0x60 ./Core/Src/main.o
 .debug_aranges
                0x0000000000000160       0x20 ./Core/Src/sdram.o
 .debug_aranges
                0x0000000000000180       0x80 ./Core/Src/stm32f4xx_hal_msp.o
 .debug_aranges
                0x0000000000000200       0x68 ./Core/Src/stm32f4xx_it.o
 .debug_aranges
                0x0000000000000268       0x20 ./Core/Src/sysmem.o
 .debug_aranges
                0x0000000000000288       0x28 ./Core/Src/system_stm32f4xx.o
 .debug_aranges
                0x00000000000002b0       0x60 ./Core/Src/touch.o
 .debug_aranges
                0x0000000000000310       0x28 ./Core/Startup/startup_stm32f429igtx.o
 .debug_aranges
                0x0000000000000338      0x100 ./Drivers/STM32F4xx_HAL_Driver/Src/stm32f4xx_hal.o
 .debug_aranges
                0x0000000000000438      0x120 ./Drivers/STM32F4xx_HAL_Driver/Src/stm32f4xx_hal_cortex.o
 .debug_aranges
                0x0000000000000558      0x118 ./Drivers/STM32F4xx_HAL_Driver/Src/stm32f4xx_hal_dma2d.o
 .debug_aranges
                0x0000000000000670       0x58 ./Drivers/STM32F4xx_HAL_Driver/Src/stm32f4xx_hal_gpio.o
 .debug_aranges
                0x00000000000006c8      0x2a8 ./Drivers/STM32F4xx_HAL_Driver/Src/stm32f4xx_hal_i2c.o
 .debug_aranges
                0x0000000000000970       0x28 ./Drivers/STM32F4xx_HAL_Driver/Src/stm32f4xx_hal_i2c_ex.o
 .debug_aranges
                0x0000000000000998      0x158 ./Drivers/STM32F4xx_HAL_Driver/Src/stm32f4xx_hal_ltdc.o
 .debug_aranges
                0x0000000000000af0       0x60 ./Drivers/STM32F4xx_HAL_Driver/Src/stm32f4xx_hal_pwr_ex.o
 .debug_aranges
                0x0000000000000b50       0x88 ./Drivers/STM32F4xx_HAL_Driver/Src/stm32f4xx_hal_rcc.o
 .debug_aranges
                0x0000000000000bd8       0x58 ./Drivers/STM32F4xx_HAL_Driver/Src/stm32f4xx_hal_rcc_ex.o
 .debug_aranges
                0x0000000000000c30       0xe8 ./Drivers/STM32F4xx_HAL_Driver/Src/stm32f4xx_hal_sdram.o
 .debug_aranges
                0x0000000000000d18      0x1d0 ./Drivers/STM32F4xx_HAL_Driver/Src/stm32f4xx_hal_spi.o
 .debug_aranges
                0x0000000000000ee8       0xf0 ./Drivers/STM32F4xx_HAL_Driver/Src/stm32f4xx_ll_fmc.o

.debug_macro    0x0000000000000000    0x2459c
 .debug_macro   0x0000000000000000       0x73 ./Core/Src/font16.o
 .debug_macro   0x0000000000000073       0x73 ./Core/Src/font20.o
 .debug_macro   0x00000000000000e6       0x73 ./Core/Src/font24.o
 .debug_macro   0x0000000000000159       0x73 ./Core/Src/font8.o
 .debug_macro   0x00000000000001cc      0x33b ./Core/Src/ltdc.o
 .debug_macro   0x0000000000000507      0x2ad ./Core/Src/ltdc.o
 .debug_macro   0x00000000000007b4       0x2e ./Core/Src/ltdc.o
 .debug_macro   0x00000000000007e2       0x28 ./Core/Src/ltdc.o
 .debug_macro   0x000000000000080a       0x1c ./Core/Src/ltdc.o
 .debug_macro   0x0000000000000826       0x22 ./Core/Src/ltdc.o
 .debug_macro   0x0000000000000848       0xfb ./Core/Src/ltdc.o
 .debug_macro   0x0000000000000943     0x1011 ./Core/Src/ltdc.o
 .debug_macro   0x0000000000001954      0x11f ./Core/Src/ltdc.o
 .debug_macro   0x0000000000001a73    0x17fd8 ./Core/Src/ltdc.o
 .debug_macro   0x0000000000019a4b       0x6d ./Core/Src/ltdc.o
 .debug_macro   0x0000000000019ab8     0x3703 ./Core/Src/ltdc.o
 .debug_macro   0x000000000001d1bb      0x174 ./Core/Src/ltdc.o
 .debug_macro   0x000000000001d32f       0x5c ./Core/Src/ltdc.o
 .debug_macro   0x000000000001d38b      0xcba ./Core/Src/ltdc.o
 .debug_macro   0x000000000001e045      0x9e9 ./Core/Src/ltdc.o
 .debug_macro   0x000000000001ea2e      0x115 ./Core/Src/ltdc.o
 .debug_macro   0x000000000001eb43      0x156 ./Core/Src/ltdc.o
 .debug_macro   0x000000000001ec99       0xa5 ./Core/Src/ltdc.o
 .debug_macro   0x000000000001ed3e      0x182 ./Core/Src/ltdc.o
 .debug_macro   0x000000000001eec0      0x287 ./Core/Src/ltdc.o
 .debug_macro   0x000000000001f147       0x5f ./Core/Src/ltdc.o
 .debug_macro   0x000000000001f1a6      0x236 ./Core/Src/ltdc.o
 .debug_macro   0x000000000001f3dc      0x208 ./Core/Src/ltdc.o
 .debug_macro   0x000000000001f5e4      0x132 ./Core/Src/ltdc.o
 .debug_macro   0x000000000001f716      0x41d ./Core/Src/ltdc.o
 .debug_macro   0x000000000001fb33       0x2e ./Core/Src/ltdc.o
 .debug_macro   0x000000000001fb61      0x556 ./Core/Src/ltdc.o
 .debug_macro   0x00000000000200b7      0x1b5 ./Core/Src/ltdc.o
 .debug_macro   0x000000000002026c       0x22 ./Core/Src/ltdc.o
 .debug_macro   0x000000000002028e       0xd6 ./Core/Src/ltdc.o
 .debug_macro   0x0000000000020364      0x198 ./Core/Src/ltdc.o
 .debug_macro   0x00000000000204fc       0xd6 ./Core/Src/ltdc.o
 .debug_macro   0x00000000000205d2      0x127 ./Core/Src/ltdc.o
 .debug_macro   0x00000000000206f9       0xe2 ./Core/Src/ltdc.o
 .debug_macro   0x00000000000207db       0x89 ./Core/Src/ltdc.o
 .debug_macro   0x0000000000020864      0x225 ./Core/Src/ltdc.o
 .debug_macro   0x0000000000020a89      0x134 ./Core/Src/ltdc.o
 .debug_macro   0x0000000000020bbd       0x10 ./Core/Src/ltdc.o
 .debug_macro   0x0000000000020bcd       0x61 ./Core/Src/ltdc.o
 .debug_macro   0x0000000000020c2e       0x2a ./Core/Src/ltdc.o
 .debug_macro   0x0000000000020c58       0x43 ./Core/Src/ltdc.o
 .debug_macro   0x0000000000020c9b       0x34 ./Core/Src/ltdc.o
 .debug_macro   0x0000000000020ccf       0x16 ./Core/Src/ltdc.o
 .debug_macro   0x0000000000020ce5       0x43 ./Core/Src/ltdc.o
 .debug_macro   0x0000000000020d28       0x34 ./Core/Src/ltdc.o
 .debug_macro   0x0000000000020d5c       0x10 ./Core/Src/ltdc.o
 .debug_macro   0x0000000000020d6c       0x58 ./Core/Src/ltdc.o
 .debug_macro   0x0000000000020dc4       0x8e ./Core/Src/ltdc.o
 .debug_macro   0x0000000000020e52       0x1c ./Core/Src/ltdc.o
 .debug_macro   0x0000000000020e6e      0x177 ./Core/Src/ltdc.o
 .debug_macro   0x0000000000020fe5      0x369 ./Core/Src/ltdc.o
 .debug_macro   0x000000000002134e       0x10 ./Core/Src/ltdc.o
 .debug_macro   0x000000000002135e       0x35 ./Core/Src/ltdc.o
 .debug_macro   0x0000000000021393       0x20 ./Core/Src/ltdc.o
 .debug_macro   0x00000000000213b3       0x16 ./Core/Src/ltdc.o
 .debug_macro   0x00000000000213c9       0x16 ./Core/Src/ltdc.o
 .debug_macro   0x00000000000213df       0x29 ./Core/Src/ltdc.o
 .debug_macro   0x0000000000021408      0x14e ./Core/Src/ltdc.o
 .debug_macro   0x0000000000021556       0x2e ./Core/Src/ltdc.o
 .debug_macro   0x0000000000021584      0x35d ./Core/Src/main.o
 .debug_macro   0x00000000000218e1       0x28 ./Core/Src/main.o
 .debug_macro   0x0000000000021909       0x10 ./Core/Src/main.o
 .debug_macro   0x0000000000021919      0x124 ./Core/Src/main.o
 .debug_macro   0x0000000000021a3d      0x2f0 ./Core/Src/sdram.o
 .debug_macro   0x0000000000021d2d      0x221 ./Core/Src/stm32f4xx_hal_msp.o
 .debug_macro   0x0000000000021f4e      0x22b ./Core/Src/stm32f4xx_it.o
 .debug_macro   0x0000000000022179       0xff ./Core/Src/sysmem.o
 .debug_macro   0x0000000000022278      0x23c ./Core/Src/sysmem.o
 .debug_macro   0x00000000000224b4      0x212 ./Core/Src/system_stm32f4xx.o
 .debug_macro   0x00000000000226c6      0x28d ./Core/Src/touch.o
 .debug_macro   0x0000000000022953      0x272 ./Drivers/STM32F4xx_HAL_Driver/Src/stm32f4xx_hal.o
 .debug_macro   0x0000000000022bc5      0x212 ./Drivers/STM32F4xx_HAL_Driver/Src/stm32f4xx_hal_cortex.o
 .debug_macro   0x0000000000022dd7      0x221 ./Drivers/STM32F4xx_HAL_Driver/Src/stm32f4xx_hal_dma2d.o
 .debug_macro   0x0000000000022ff8      0x218 ./Drivers/STM32F4xx_HAL_Driver/Src/stm32f4xx_hal_gpio.o
 .debug_macro   0x0000000000023210      0x260 ./Drivers/STM32F4xx_HAL_Driver/Src/stm32f4xx_hal_i2c.o
 .debug_macro   0x0000000000023470      0x212 ./Drivers/STM32F4xx_HAL_Driver/Src/stm32f4xx_hal_i2c_ex.o
 .debug_macro   0x0000000000023682      0x21a ./Drivers/STM32F4xx_HAL_Driver/Src/stm32f4xx_hal_ltdc.o
 .debug_macro   0x000000000002389c      0x22a ./Drivers/STM32F4xx_HAL_Driver/Src/stm32f4xx_hal_pwr_ex.o
 .debug_macro   0x0000000000023ac6      0x236 ./Drivers/STM32F4xx_HAL_Driver/Src/stm32f4xx_hal_rcc.o
 .debug_macro   0x0000000000023cfc      0x212 ./Drivers/STM32F4xx_HAL_Driver/Src/stm32f4xx_hal_rcc_ex.o
 .debug_macro   0x0000000000023f0e      0x212 ./Drivers/STM32F4xx_HAL_Driver/Src/stm32f4xx_hal_sdram.o
 .debug_macro   0x0000000000024120      0x221 ./Drivers/STM32F4xx_HAL_Driver/Src/stm32f4xx_hal_spi.o
 .debug_macro   0x0000000000024341      0x25b ./Drivers/STM32F4xx_HAL_Driver/Src/stm32f4xx_ll_fmc.o

.debug_line     0x0000000000000000    0x1512b
 .debug_line    0x0000000000000000      0x413 ./Core/Src/font16.o
 .debug_line    0x0000000000000413      0x413 ./Core/Src/font20.o
 .debug_line    0x0000000000000826      0x413 ./Core/Src/font24.o
 .debug_line    0x0000000000000c39      0x412 ./Core/Src/font8.o
 .debug_line    0x000000000000104b      0xf62 ./Core/Src/ltdc.o
 .debug_line    0x0000000000001fad      0xce5 ./Core/Src/main.o
 .debug_line    0x0000000000002c92      0x961 ./Core/Src/sdram.o
 .debug_line    0x00000000000035f3      0xaa6 ./Core/Src/stm32f4xx_hal_msp.o
 .debug_line    0x0000000000004099      0x8a3 ./Core/Src/stm32f4xx_it.o
 .debug_line    0x000000000000493c      0x583 ./Core/Src/sysmem.o
 .debug_line    0x0000000000004ebf      0x84a ./Core/Src/system_stm32f4xx.o
 .debug_line    0x0000000000005709      0xa2f ./Core/Src/touch.o
 .debug_line    0x0000000000006138       0x7a ./Core/Startup/startup_stm32f429igtx.o
 .debug_line    0x00000000000061b2      0xae6 ./Drivers/STM32F4xx_HAL_Driver/Src/stm32f4xx_hal.o
 .debug_line    0x0000000000006c98      0xd7c ./Drivers/STM32F4xx_HAL_Driver/Src/stm32f4xx_hal_cortex.o
 .debug_line    0x0000000000007a14     0x1268 ./Drivers/STM32F4xx_HAL_Driver/Src/stm32f4xx_hal_dma2d.o
 .debug_line    0x0000000000008c7c      0xc4c ./Drivers/STM32F4xx_HAL_Driver/Src/stm32f4xx_hal_gpio.o
 .debug_line    0x00000000000098c8     0x3b12 ./Drivers/STM32F4xx_HAL_Driver/Src/stm32f4xx_hal_i2c.o
 .debug_line    0x000000000000d3da      0x843 ./Drivers/STM32F4xx_HAL_Driver/Src/stm32f4xx_hal_i2c_ex.o
 .debug_line    0x000000000000dc1d     0x17e3 ./Drivers/STM32F4xx_HAL_Driver/Src/stm32f4xx_hal_ltdc.o
 .debug_line    0x000000000000f400      0x9d9 ./Drivers/STM32F4xx_HAL_Driver/Src/stm32f4xx_hal_pwr_ex.o
 .debug_line    0x000000000000fdd9      0xe27 ./Drivers/STM32F4xx_HAL_Driver/Src/stm32f4xx_hal_rcc.o
 .debug_line    0x0000000000010c00      0xc84 ./Drivers/STM32F4xx_HAL_Driver/Src/stm32f4xx_hal_rcc_ex.o
 .debug_line    0x0000000000011884      0xeb3 ./Drivers/STM32F4xx_HAL_Driver/Src/stm32f4xx_hal_sdram.o
 .debug_line    0x0000000000012737     0x1d87 ./Drivers/STM32F4xx_HAL_Driver/Src/stm32f4xx_hal_spi.o
 .debug_line    0x00000000000144be      0xc6d ./Drivers/STM32F4xx_HAL_Driver/Src/stm32f4xx_ll_fmc.o

.debug_str      0x0000000000000000    0xdbcce
 .debug_str     0x0000000000000000     0x3c00 ./Core/Src/font16.o
                                       0x3d7e (size before relaxing)
 .debug_str     0x0000000000003c00       0x29 ./Core/Src/font20.o
                                       0x3d7e (size before relaxing)
 .debug_str     0x0000000000003c29       0x29 ./Core/Src/font24.o
                                       0x3d7e (size before relaxing)
 .debug_str     0x0000000000003c52       0x26 ./Core/Src/font8.o
                                       0x3d7b (size before relaxing)
 .debug_str     0x0000000000003c78    0xd2d6d ./Core/Src/ltdc.o
                                      0xd6cf7 (size before relaxing)
 .debug_str     0x00000000000d69e5      0xcd4 ./Core/Src/main.o
                                      0xd78d2 (size before relaxing)
 .debug_str     0x00000000000d76b9       0xa5 ./Core/Src/sdram.o
                                      0xd5e62 (size before relaxing)
 .debug_str     0x00000000000d775e      0x7b7 ./Core/Src/stm32f4xx_hal_msp.o
                                      0xd3ecf (size before relaxing)
 .debug_str     0x00000000000d7f15       0xde ./Core/Src/stm32f4xx_it.o
                                      0xd2bd5 (size before relaxing)
 .debug_str     0x00000000000d7ff3      0x4dc ./Core/Src/sysmem.o
                                       0x6065 (size before relaxing)
 .debug_str     0x00000000000d84cf       0xdb ./Core/Src/system_stm32f4xx.o
                                      0xd2a09 (size before relaxing)
 .debug_str     0x00000000000d85aa      0x214 ./Core/Src/touch.o
                                      0xd33d3 (size before relaxing)
 .debug_str     0x00000000000d87be       0x34 ./Core/Startup/startup_stm32f429igtx.o
                                         0x77 (size before relaxing)
 .debug_str     0x00000000000d87f2      0x63e ./Drivers/STM32F4xx_HAL_Driver/Src/stm32f4xx_hal.o
                                      0xd362c (size before relaxing)
 .debug_str     0x00000000000d8e30      0x329 ./Drivers/STM32F4xx_HAL_Driver/Src/stm32f4xx_hal_cortex.o
                                      0xd3328 (size before relaxing)
 .debug_str     0x00000000000d9159      0x34d ./Drivers/STM32F4xx_HAL_Driver/Src/stm32f4xx_hal_dma2d.o
                                      0xd2fe5 (size before relaxing)
 .debug_str     0x00000000000d94a6      0x121 ./Drivers/STM32F4xx_HAL_Driver/Src/stm32f4xx_hal_gpio.o
                                      0xd2b84 (size before relaxing)
 .debug_str     0x00000000000d95c7      0xb1a ./Drivers/STM32F4xx_HAL_Driver/Src/stm32f4xx_hal_i2c.o
                                      0xd3a19 (size before relaxing)
 .debug_str     0x00000000000da0e1       0x3b ./Drivers/STM32F4xx_HAL_Driver/Src/stm32f4xx_hal_i2c_ex.o
                                      0xd2dd8 (size before relaxing)
 .debug_str     0x00000000000da11c      0x46d ./Drivers/STM32F4xx_HAL_Driver/Src/stm32f4xx_hal_ltdc.o
                                      0xd306d (size before relaxing)
 .debug_str     0x00000000000da589      0x135 ./Drivers/STM32F4xx_HAL_Driver/Src/stm32f4xx_hal_pwr_ex.o
                                      0xd2be1 (size before relaxing)
 .debug_str     0x00000000000da6be      0x213 ./Drivers/STM32F4xx_HAL_Driver/Src/stm32f4xx_hal_rcc.o
                                      0xd2e3d (size before relaxing)
 .debug_str     0x00000000000da8d1      0x12b ./Drivers/STM32F4xx_HAL_Driver/Src/stm32f4xx_hal_rcc_ex.o
                                      0xd2c04 (size before relaxing)
 .debug_str     0x00000000000da9fc      0x350 ./Drivers/STM32F4xx_HAL_Driver/Src/stm32f4xx_hal_sdram.o
                                      0xd3129 (size before relaxing)
 .debug_str     0x00000000000dad4c      0x54f ./Drivers/STM32F4xx_HAL_Driver/Src/stm32f4xx_hal_spi.o
                                      0xd32ba (size before relaxing)
 .debug_str     0x00000000000db29b      0xa33 ./Drivers/STM32F4xx_HAL_Driver/Src/stm32f4xx_ll_fmc.o
                                      0xd35f3 (size before relaxing)

.debug_rnglists
                0x0000000000000000      0xbde
 .debug_rnglists
                0x0000000000000000       0x7a ./Core/Src/ltdc.o
 .debug_rnglists
                0x000000000000007a       0x4a ./Core/Src/main.o
 .debug_rnglists
                0x00000000000000c4       0x14 ./Core/Src/sdram.o
 .debug_rnglists
                0x00000000000000d8       0x60 ./Core/Src/stm32f4xx_hal_msp.o
 .debug_rnglists
                0x0000000000000138       0x49 ./Core/Src/stm32f4xx_it.o
 .debug_rnglists
                0x0000000000000181       0x13 ./Core/Src/sysmem.o
 .debug_rnglists
                0x0000000000000194       0x1a ./Core/Src/system_stm32f4xx.o
 .debug_rnglists
                0x00000000000001ae       0x49 ./Core/Src/touch.o
 .debug_rnglists
                0x00000000000001f7       0x19 ./Core/Startup/startup_stm32f429igtx.o
 .debug_rnglists
                0x0000000000000210       0xbb ./Drivers/STM32F4xx_HAL_Driver/Src/stm32f4xx_hal.o
 .debug_rnglists
                0x00000000000002cb       0xd4 ./Drivers/STM32F4xx_HAL_Driver/Src/stm32f4xx_hal_cortex.o
 .debug_rnglists
                0x000000000000039f       0xdc ./Drivers/STM32F4xx_HAL_Driver/Src/stm32f4xx_hal_dma2d.o
 .debug_rnglists
                0x000000000000047b       0x3f ./Drivers/STM32F4xx_HAL_Driver/Src/stm32f4xx_hal_gpio.o
 .debug_rnglists
                0x00000000000004ba      0x23c ./Drivers/STM32F4xx_HAL_Driver/Src/stm32f4xx_hal_i2c.o
 .debug_rnglists
                0x00000000000006f6       0x19 ./Drivers/STM32F4xx_HAL_Driver/Src/stm32f4xx_hal_i2c_ex.o
 .debug_rnglists
                0x000000000000070f      0x10a ./Drivers/STM32F4xx_HAL_Driver/Src/stm32f4xx_hal_ltdc.o
 .debug_rnglists
                0x0000000000000819       0x47 ./Drivers/STM32F4xx_HAL_Driver/Src/stm32f4xx_hal_pwr_ex.o
 .debug_rnglists
                0x0000000000000860       0x66 ./Drivers/STM32F4xx_HAL_Driver/Src/stm32f4xx_hal_rcc.o
 .debug_rnglists
                0x00000000000008c6       0x43 ./Drivers/STM32F4xx_HAL_Driver/Src/stm32f4xx_hal_rcc_ex.o
 .debug_rnglists
                0x0000000000000909       0xb1 ./Drivers/STM32F4xx_HAL_Driver/Src/stm32f4xx_hal_sdram.o
 .debug_rnglists
                0x00000000000009ba      0x16f ./Drivers/STM32F4xx_HAL_Driver/Src/stm32f4xx_hal_spi.o
 .debug_rnglists
                0x0000000000000b29       0xb5 ./Drivers/STM32F4xx_HAL_Driver/Src/stm32f4xx_ll_fmc.o

.debug_frame    0x0000000000000000     0x451c
 .debug_frame   0x0000000000000000      0x284 ./Core/Src/ltdc.o
 .debug_frame   0x0000000000000284      0x12c ./Core/Src/main.o
 .debug_frame   0x00000000000003b0       0x34 ./Core/Src/sdram.o
 .debug_frame   0x00000000000003e4      0x1e4 ./Core/Src/stm32f4xx_hal_msp.o
 .debug_frame   0x00000000000005c8      0x120 ./Core/Src/stm32f4xx_it.o
 .debug_frame   0x00000000000006e8       0x34 ./Core/Src/sysmem.o
 .debug_frame   0x000000000000071c       0x58 ./Core/Src/system_stm32f4xx.o
 .debug_frame   0x0000000000000774      0x160 ./Core/Src/touch.o
 .debug_frame   0x00000000000008d4      0x3b4 ./Drivers/STM32F4xx_HAL_Driver/Src/stm32f4xx_hal.o
 .debug_frame   0x0000000000000c88      0x4b8 ./Drivers/STM32F4xx_HAL_Driver/Src/stm32f4xx_hal_cortex.o
 .debug_frame   0x0000000000001140      0x4e0 ./Drivers/STM32F4xx_HAL_Driver/Src/stm32f4xx_hal_dma2d.o
 .debug_frame   0x0000000000001620      0x14c ./Drivers/STM32F4xx_HAL_Driver/Src/stm32f4xx_hal_gpio.o
 .debug_frame   0x000000000000176c      0xc84 ./Drivers/STM32F4xx_HAL_Driver/Src/stm32f4xx_hal_i2c.o
 .debug_frame   0x00000000000023f0       0x60 ./Drivers/STM32F4xx_HAL_Driver/Src/stm32f4xx_hal_i2c_ex.o
 .debug_frame   0x0000000000002450      0x61c ./Drivers/STM32F4xx_HAL_Driver/Src/stm32f4xx_hal_ltdc.o
 .debug_frame   0x0000000000002a6c      0x14c ./Drivers/STM32F4xx_HAL_Driver/Src/stm32f4xx_hal_pwr_ex.o
 .debug_frame   0x0000000000002bb8      0x1f4 ./Drivers/STM32F4xx_HAL_Driver/Src/stm32f4xx_hal_rcc.o
 .debug_frame   0x0000000000002dac      0x13c ./Drivers/STM32F4xx_HAL_Driver/Src/stm32f4xx_hal_rcc_ex.o
 .debug_frame   0x0000000000002ee8      0x3e8 ./Drivers/STM32F4xx_HAL_Driver/Src/stm32f4xx_hal_sdram.o
 .debug_frame   0x00000000000032d0      0x828 ./Drivers/STM32F4xx_HAL_Driver/Src/stm32f4xx_hal_spi.o
 .debug_frame   0x0000000000003af8      0x440 ./Drivers/STM32F4xx_HAL_Driver/Src/stm32f4xx_ll_fmc.o
 .debug_frame   0x0000000000003f38      0x144 C:/ST/STM32CubeIDE_1.14.1/STM32CubeIDE/plugins/com.st.stm32cube.ide.mcu.externaltools.gnu-tools-for-stm32.11.3.rel1.win32_1.1.100.202309141235/tools/bin/../lib/gcc/arm-none-eabi/11.3.1/../../../../arm-none-eabi/lib/thumb/v7e-m+fp/hard\libc_nano.a(libc_a-findfp.o)
 .debug_frame   0x000000000000407c       0x6c C:/ST/STM32CubeIDE_1.14.1/STM32CubeIDE/plugins/com.st.stm32cube.ide.mcu.externaltools.gnu-tools-for-stm32.11.3.rel1.win32_1.1.100.202309141235/tools/bin/../lib/gcc/arm-none-eabi/11.3.1/../../../../arm-none-eabi/lib/thumb/v7e-m+fp/hard\libc_nano.a(libc_a-sprintf.o)
 .debug_frame   0x00000000000040e8       0x20 C:/ST/STM32CubeIDE_1.14.1/STM32CubeIDE/plugins/com.st.stm32cube.ide.mcu.externaltools.gnu-tools-for-stm32.11.3.rel1.win32_1.1.100.202309141235/tools/bin/../lib/gcc/arm-none-eabi/11.3.1/../../../../arm-none-eabi/lib/thumb/v7e-m+fp/hard\libc_nano.a(libc_a-memset.o)