../Core/Src/stm32f4xx_hal_msp.c:64:6:HAL_MspInit	8	static
../Core/Src/stm32f4xx_hal_msp.c:86:6:HAL_DMA2D_MspInit	16	static
../Core/Src/stm32f4xx_hal_msp.c:111:6:HAL_DMA2D_MspDeInit	0	static
../Core/Src/stm32f4xx_hal_msp.c:136:6:HAL_I2C_MspInit	64	static
../Core/Src/stm32f4xx_hal_msp.c:180:6:HAL_I2C_MspDeInit	8	static
../Core/Src/stm32f4xx_hal_msp.c:211:6:HAL_LTDC_MspInit	128	static
../Core/Src/stm32f4xx_hal_msp.c:350:6:HAL_LTDC_MspDeInit	8	static
../Core/Src/stm32f4xx_hal_msp.c:414:6:HAL_SPI_MspInit	40	static
../Core/Src/stm32f4xx_hal_msp.c:451:6:HAL_SPI_MspDeInit	0	static
../Core/Src/stm32f4xx_hal_msp.c:583:6:HAL_SDRAM_MspInit	48	static
../Core/Src/stm32f4xx_hal_msp.c:669:6:HAL_SDRAM_MspDeInit	8	static
